#-----------------------------------------------------------
# Vivado v2025.2.1 (64-bit)
# SW Build 6403652 on Thu Mar 19 19:48:24 GMT 2026
# IP Build 6403511 on Thu Mar 19 12:41:45 MDT 2026
# SharedData Build 6403650 on Thu Mar 19 14:02:13 MDT 2026
# Start of session at: Thu May 28 21:19:31 2026
# Process ID         : 26500
# Current directory  : C:/Users/osmya/Desktop/RTLSecure
# Command line       : vivado.exe -gui_launcher_event rodinguilauncherevent34576 C:\Users\osmya\Desktop\RTLSecure\RTLSecure.xpr
# Log file           : C:/Users/osmya/Desktop/RTLSecure/vivado.log
# Journal file       : C:/Users/osmya/Desktop/RTLSecure\vivado.jou
# Running On         : rt7-laptop-duo
# Platform           : Windows Server 2016 or Windows 10
# Operating System   : 26200
# Processor Detail   : Intel(R) Core(TM) Ultra 7 255H
# CPU Frequency      : 3686 MHz
# CPU Physical cores : 16
# CPU Logical cores  : 16
# Host memory        : 33685 MB
# Swap memory        : 2459 MB
# Total Virtual      : 36144 MB
# Available Virtual  : 5050 MB
#-----------------------------------------------------------
start_gui
open_project C:/Users/osmya/Desktop/RTLSecure/RTLSecure.xpr
update_compile_order -fileset sources_1
reset_run synth_1
launch_runs synth_1 -jobs 16
wait_on_run synth_1
launch_simulation
launch_simulation
launch_simulation
source tb_AES.tcl
remove_bps -file {C:/Users/osmya/Desktop/RTLSecure/RTLSecure.srcs/sim_1/new/tb_AES.sv} -line 88
remove_bps -file {C:/Users/osmya/Desktop/RTLSecure/RTLSecure.srcs/sim_1/new/tb_AES.sv} -line 89
run 10 ms
remove_bps -file {C:/Users/osmya/Desktop/RTLSecure/RTLSecure.srcs/sim_1/new/tb_AES.sv} -line 90
run 10 ms
add_bp {C:/Users/osmya/Desktop/RTLSecure/RTLSecure.srcs/sim_1/new/tb_AES.sv} 102
add_bp {C:/Users/osmya/Desktop/RTLSecure/RTLSecure.srcs/sim_1/new/tb_AES.sv} 103
add_bp {C:/Users/osmya/Desktop/RTLSecure/RTLSecure.srcs/sim_1/new/tb_AES.sv} 104
remove_bps -file {C:/Users/osmya/Desktop/RTLSecure/RTLSecure.srcs/sim_1/new/tb_AES.sv} -line 102
relaunch_sim
run 10 ms
run 10 ms
run 10 ms
run 10 ms
run 10 ms
run 10 ms
run 10 ms
run 10 ms
add_bp {C:/Users/osmya/Desktop/RTLSecure/RTLSecure.srcs/sim_1/new/tb_AES.sv} 107
relaunch_sim
relaunch_sim
close_sim
launch_simulation
source tb_AES.tcl
remove_bps -file {C:/Users/osmya/Desktop/RTLSecure/RTLSecure.srcs/sim_1/new/tb_AES.sv} -line 104
remove_bps -file {C:/Users/osmya/Desktop/RTLSecure/RTLSecure.srcs/sim_1/new/tb_AES.sv} -line 103
run 10 ms
relaunch_sim
relaunch_sim
add_bp {C:/Users/osmya/Desktop/RTLSecure/RTLSecure.srcs/sim_1/new/tb_AES.sv} 108
remove_bps -file {C:/Users/osmya/Desktop/RTLSecure/RTLSecure.srcs/sim_1/new/tb_AES.sv} -line 108
add_bp {C:/Users/osmya/Desktop/RTLSecure/RTLSecure.srcs/sim_1/new/tb_AES.sv} 109
remove_bps -file {C:/Users/osmya/Desktop/RTLSecure/RTLSecure.srcs/sim_1/new/tb_AES.sv} -line 109
add_bp {C:/Users/osmya/Desktop/RTLSecure/RTLSecure.srcs/sim_1/new/tb_AES.sv} 116
run 10 ms
add_bp {C:/Users/osmya/Desktop/RTLSecure/RTLSecure.srcs/sim_1/new/tb_AES.sv} 108
add_bp {C:/Users/osmya/Desktop/RTLSecure/RTLSecure.srcs/sim_1/new/tb_AES.sv} 109
relaunch_sim
run 10 ms
relaunch_sim
relaunch_sim
run 10 ms
run 10 ms
run 10 ms
add_bp {C:/Users/osmya/Desktop/RTLSecure/RTLSecure.srcs/sim_1/new/tb_AES.sv} 117
relaunch_sim
relaunch_sim
