#-----------------------------------------------------------
# Vivado v2025.2.1 (64-bit)
# SW Build 6403652 on Thu Mar 19 19:48:24 GMT 2026
# IP Build 6403511 on Thu Mar 19 12:41:45 MDT 2026
# SharedData Build 6403650 on Thu Mar 19 14:02:13 MDT 2026
# Start of session at: Fri May 29 02:38:42 2026
# Process ID         : 52152
# Current directory  : C:/Users/osmya/Desktop/RTLSecure
# Command line       : vivado.exe -gui_launcher_event rodinguilauncherevent52032 C:\Users\osmya\Desktop\RTLSecure\RTLSecure.xpr
# Log file           : C:/Users/osmya/Desktop/RTLSecure/vivado.log
# Journal file       : C:/Users/osmya/Desktop/RTLSecure\vivado.jou
# Running On         : rt7-laptop-duo
# Platform           : Windows Server 2016 or Windows 10
# Operating System   : 26200
# Processor Detail   : Intel(R) Core(TM) Ultra 7 255H
# CPU Frequency      : 3686 MHz
# CPU Physical cores : 16
# CPU Logical cores  : 16
# Host memory        : 33685 MB
# Swap memory        : 4610 MB
# Total Virtual      : 38296 MB
# Available Virtual  : 6438 MB
#-----------------------------------------------------------
start_gui
open_project C:/Users/osmya/Desktop/RTLSecure/RTLSecure.xpr
WARNING: [Board 49-26] cannot add Board Part xilinx.com:emb-plus-vpr-4616:part0:1.0 available at C:/AMDDesignTools/2025.2.1/data/xhub/boards\XilinxBoardStore\boards\Xilinx\emb-plus-vpr-4616\1.0\board.xml as part xcve2302-sfva784-2mp-e-s specified in board_part file is either invalid or not available
WARNING: [Board 49-26] cannot add Board Part xilinx.com:emb-plus-vpr-4616:part0:1.1 available at C:/AMDDesignTools/2025.2.1/data/xhub/boards\XilinxBoardStore\boards\Xilinx\emb-plus-vpr-4616\1.1\board.xml as part xcve2302-sfva784-2mp-e-s specified in board_part file is either invalid or not available
WARNING: [Board 49-26] cannot add Board Part xilinx.com:k24c:part0:1.0 available at C:/AMDDesignTools/2025.2.1/data/xhub/boards\XilinxBoardStore\boards\Xilinx\k24c\1.0\board.xml as part xck24-ubva530-2lv-c specified in board_part file is either invalid or not available
WARNING: [Board 49-26] cannot add Board Part xilinx.com:k24c:part0:1.1 available at C:/AMDDesignTools/2025.2.1/data/xhub/boards\XilinxBoardStore\boards\Xilinx\k24c\1.1\board.xml as part xck24-ubva530-2lv-c specified in board_part file is either invalid or not available
WARNING: [Board 49-26] cannot add Board Part xilinx.com:k24i:part0:1.0 available at C:/AMDDesignTools/2025.2.1/data/xhub/boards\XilinxBoardStore\boards\Xilinx\k24i\1.0\board.xml as part xck24-ubva530-2lvi-i specified in board_part file is either invalid or not available
WARNING: [Board 49-26] cannot add Board Part xilinx.com:k26c:part0:1.2 available at C:/AMDDesignTools/2025.2.1/data/xhub/boards\XilinxBoardStore\boards\Xilinx\k26c\1.2\board.xml as part xck26-sfvc784-2lv-c specified in board_part file is either invalid or not available
WARNING: [Board 49-26] cannot add Board Part xilinx.com:k26c:part0:1.3 available at C:/AMDDesignTools/2025.2.1/data/xhub/boards\XilinxBoardStore\boards\Xilinx\k26c\1.3\board.xml as part xck26-sfvc784-2lv-c specified in board_part file is either invalid or not available
WARNING: [Board 49-26] cannot add Board Part xilinx.com:k26c:part0:1.4 available at C:/AMDDesignTools/2025.2.1/data/xhub/boards\XilinxBoardStore\boards\Xilinx\k26c\1.4\board.xml as part xck26-sfvc784-2lv-c specified in board_part file is either invalid or not available
WARNING: [Board 49-26] cannot add Board Part xilinx.com:k26i:part0:1.2 available at C:/AMDDesignTools/2025.2.1/data/xhub/boards\XilinxBoardStore\boards\Xilinx\k26i\1.2\board.xml as part xck26-sfvc784-2lvi-i specified in board_part file is either invalid or not available
WARNING: [Board 49-26] cannot add Board Part xilinx.com:k26i:part0:1.3 available at C:/AMDDesignTools/2025.2.1/data/xhub/boards\XilinxBoardStore\boards\Xilinx\k26i\1.3\board.xml as part xck26-sfvc784-2lvi-i specified in board_part file is either invalid or not available
WARNING: [Board 49-26] cannot add Board Part xilinx.com:k26i:part0:1.4 available at C:/AMDDesignTools/2025.2.1/data/xhub/boards\XilinxBoardStore\boards\Xilinx\k26i\1.4\board.xml as part xck26-sfvc784-2lvi-i specified in board_part file is either invalid or not available
WARNING: [Board 49-26] cannot add Board Part xilinx.com:kc705:part0:1.6 available at C:/AMDDesignTools/2025.2.1/data/xhub/boards\XilinxBoardStore\boards\Xilinx\kc705\1.6\board.xml as part xc7k325tffg900-2 specified in board_part file is either invalid or not available
WARNING: [Board 49-26] cannot add Board Part xilinx.com:kc705:part0:1.7 available at C:/AMDDesignTools/2025.2.1/data/xhub/boards\XilinxBoardStore\boards\Xilinx\kc705\1.7\board.xml as part xc7k325tffg900-2 specified in board_part file is either invalid or not available
WARNING: [Board 49-26] cannot add Board Part xilinx.com:kcu105:part0:1.6 available at C:/AMDDesignTools/2025.2.1/data/xhub/boards\XilinxBoardStore\boards\Xilinx\kcu105\1.6\board.xml as part xcku040-ffva1156-2-e specified in board_part file is either invalid or not available
WARNING: [Board 49-26] cannot add Board Part xilinx.com:kcu105:part0:1.7 available at C:/AMDDesignTools/2025.2.1/data/xhub/boards\XilinxBoardStore\boards\Xilinx\kcu105\1.7\board.xml as part xcku040-ffva1156-2-e specified in board_part file is either invalid or not available
WARNING: [Board 49-26] cannot add Board Part xilinx.com:kcu116:part0:1.4 available at C:/AMDDesignTools/2025.2.1/data/xhub/boards\XilinxBoardStore\boards\Xilinx\kcu116\1.4\board.xml as part xcku5p-ffvb676-2-e specified in board_part file is either invalid or not available
WARNING: [Board 49-26] cannot add Board Part xilinx.com:kcu116:part0:1.5 available at C:/AMDDesignTools/2025.2.1/data/xhub/boards\XilinxBoardStore\boards\Xilinx\kcu116\1.5\board.xml as part xcku5p-ffvb676-2-e specified in board_part file is either invalid or not available
WARNING: [Board 49-26] cannot add Board Part xilinx.com:kcu1500:part0:1.2 available at C:/AMDDesignTools/2025.2.1/data/xhub/boards\XilinxBoardStore\boards\Xilinx\kcu1500\1.2\board.xml as part xcku115-flvb2104-2-e specified in board_part file is either invalid or not available
WARNING: [Board 49-26] cannot add Board Part xilinx.com:kd240_som:part0:1.0 available at C:/AMDDesignTools/2025.2.1/data/xhub/boards\XilinxBoardStore\boards\Xilinx\kd240_som\1.0\board.xml as part xck24-ubva530-2lv-c specified in board_part file is either invalid or not available
WARNING: [Board 49-26] cannot add Board Part xilinx.com:kd240_som:part0:1.1 available at C:/AMDDesignTools/2025.2.1/data/xhub/boards\XilinxBoardStore\boards\Xilinx\kd240_som\1.1\board.xml as part xck24-ubva530-2lv-c specified in board_part file is either invalid or not available
WARNING: [Board 49-26] cannot add Board Part xilinx.com:kr260_som:part0:1.0 available at C:/AMDDesignTools/2025.2.1/data/xhub/boards\XilinxBoardStore\boards\Xilinx\kr260_som\1.0\board.xml as part xck26-sfvc784-2lv-c specified in board_part file is either invalid or not available
WARNING: [Board 49-26] cannot add Board Part xilinx.com:kr260_som:part0:1.1 available at C:/AMDDesignTools/2025.2.1/data/xhub/boards\XilinxBoardStore\boards\Xilinx\kr260_som\1.1\board.xml as part xck26-sfvc784-2lv-c specified in board_part file is either invalid or not available
WARNING: [Board 49-26] cannot add Board Part xilinx.com:kv260_som:part0:1.2 available at C:/AMDDesignTools/2025.2.1/data/xhub/boards\XilinxBoardStore\boards\Xilinx\kv260_som\1.2\board.xml as part xck26-sfvc784-2lv-c specified in board_part file is either invalid or not available
WARNING: [Board 49-26] cannot add Board Part xilinx.com:kv260_som:part0:1.3 available at C:/AMDDesignTools/2025.2.1/data/xhub/boards\XilinxBoardStore\boards\Xilinx\kv260_som\1.3\board.xml as part xck26-sfvc784-2lv-c specified in board_part file is either invalid or not available
WARNING: [Board 49-26] cannot add Board Part xilinx.com:kv260_som:part0:1.4 available at C:/AMDDesignTools/2025.2.1/data/xhub/boards\XilinxBoardStore\boards\Xilinx\kv260_som\1.4\board.xml as part xck26-sfvc784-2lv-c specified in board_part file is either invalid or not available
WARNING: [Board 49-26] cannot add Board Part xilinx.com:scu200:part0:1.0 available at C:/AMDDesignTools/2025.2.1/data/xhub/boards\XilinxBoardStore\boards\Xilinx\scu200\1.0\board.xml as part xcsu200p-sbva1024-2-e specified in board_part file is either invalid or not available
WARNING: [Board 49-26] cannot add Board Part xilinx.com:scu35:part0:1.0 available at C:/AMDDesignTools/2025.2.1/data/xhub/boards\XilinxBoardStore\boards\Xilinx\scu35\1.0\board.xml as part xcsu35p-sbvb625-2-e specified in board_part file is either invalid or not available
WARNING: [Board 49-26] cannot add Board Part xilinx.com:v80:part0:1.0 available at C:/AMDDesignTools/2025.2.1/data/xhub/boards\XilinxBoardStore\boards\Xilinx\v80\1.0\board.xml as part xcv80-lsva4737-2mhp-e-s specified in board_part file is either invalid or not available
WARNING: [Board 49-26] cannot add Board Part xilinx.com:vc707:part0:1.4 available at C:/AMDDesignTools/2025.2.1/data/xhub/boards\XilinxBoardStore\boards\Xilinx\vc707\1.4\board.xml as part xc7vx485tffg1761-2 specified in board_part file is either invalid or not available
WARNING: [Board 49-26] cannot add Board Part xilinx.com:vc707:part0:1.5 available at C:/AMDDesignTools/2025.2.1/data/xhub/boards\XilinxBoardStore\boards\Xilinx\vc707\1.5\board.xml as part xc7vx485tffg1761-2 specified in board_part file is either invalid or not available
WARNING: [Board 49-26] cannot add Board Part xilinx.com:vc709:part0:1.8 available at C:/AMDDesignTools/2025.2.1/data/xhub/boards\XilinxBoardStore\boards\Xilinx\vc709\1.8\board.xml as part xc7vx690tffg1761-2 specified in board_part file is either invalid or not available
WARNING: [Board 49-26] cannot add Board Part xilinx.com:vck190:part0:2.2 available at C:/AMDDesignTools/2025.2.1/data/xhub/boards\XilinxBoardStore\boards\Xilinx\vck190\production\2.2\board.xml as part xcvc1902-vsva2197-2mp-e-s specified in board_part file is either invalid or not available
WARNING: [Board 49-26] cannot add Board Part xilinx.com:vck190:part0:3.0 available at C:/AMDDesignTools/2025.2.1/data/xhub/boards\XilinxBoardStore\boards\Xilinx\vck190\production\3.0\board.xml as part xcvc1902-vsva2197-2mp-e-s specified in board_part file is either invalid or not available
WARNING: [Board 49-26] cannot add Board Part xilinx.com:vck190:part0:3.1 available at C:/AMDDesignTools/2025.2.1/data/xhub/boards\XilinxBoardStore\boards\Xilinx\vck190\production\3.1\board.xml as part xcvc1902-vsva2197-2mp-e-s specified in board_part file is either invalid or not available
WARNING: [Board 49-26] cannot add Board Part xilinx.com:vck190:part0:3.2 available at C:/AMDDesignTools/2025.2.1/data/xhub/boards\XilinxBoardStore\boards\Xilinx\vck190\production\3.2\board.xml as part xcvc1902-vsva2197-2mp-e-s specified in board_part file is either invalid or not available
WARNING: [Board 49-26] cannot add Board Part xilinx.com:vck190:part0:3.3 available at C:/AMDDesignTools/2025.2.1/data/xhub/boards\XilinxBoardStore\boards\Xilinx\vck190\production\3.3\board.xml as part xcvc1902-vsva2197-2mp-e-s specified in board_part file is either invalid or not available
WARNING: [Board 49-26] cannot add Board Part xilinx.com:vck190:part0:3.4 available at C:/AMDDesignTools/2025.2.1/data/xhub/boards\XilinxBoardStore\boards\Xilinx\vck190\production\3.4\board.xml as part xcvc1902-vsva2197-2mp-e-s specified in board_part file is either invalid or not available
WARNING: [Board 49-26] cannot add Board Part xilinx.com:vck190_newl:part0:1.0 available at C:/AMDDesignTools/2025.2.1/data/xhub/boards\XilinxBoardStore\boards\Xilinx\vck190_newl\production\1.0\board.xml as part xcvc1902-vsva2197-2mp-e-s specified in board_part file is either invalid or not available
WARNING: [Board 49-26] cannot add Board Part xilinx.com:vck190_newl:part0:1.1 available at C:/AMDDesignTools/2025.2.1/data/xhub/boards\XilinxBoardStore\boards\Xilinx\vck190_newl\production\1.1\board.xml as part xcvc1902-vsva2197-2mp-e-s specified in board_part file is either invalid or not available
WARNING: [Board 49-26] cannot add Board Part xilinx.com:vck190_newl:part0:1.2 available at C:/AMDDesignTools/2025.2.1/data/xhub/boards\XilinxBoardStore\boards\Xilinx\vck190_newl\production\1.2\board.xml as part xcvc1902-vsva2197-2mp-e-s specified in board_part file is either invalid or not available
WARNING: [Board 49-26] cannot add Board Part xilinx.com:vck190_newl:part0:1.3 available at C:/AMDDesignTools/2025.2.1/data/xhub/boards\XilinxBoardStore\boards\Xilinx\vck190_newl\production\1.3\board.xml as part xcvc1902-vsva2197-2mp-e-s specified in board_part file is either invalid or not available
WARNING: [Board 49-26] cannot add Board Part xilinx.com:vcu108:part0:1.6 available at C:/AMDDesignTools/2025.2.1/data/xhub/boards\XilinxBoardStore\boards\Xilinx\vcu108\1.6\board.xml as part xcvu095-ffva2104-2-e specified in board_part file is either invalid or not available
WARNING: [Board 49-26] cannot add Board Part xilinx.com:vcu108:part0:1.7 available at C:/AMDDesignTools/2025.2.1/data/xhub/boards\XilinxBoardStore\boards\Xilinx\vcu108\1.7\board.xml as part xcvu095-ffva2104-2-e specified in board_part file is either invalid or not available
WARNING: [Board 49-26] cannot add Board Part xilinx.com:vcu110:part0:1.4 available at C:/AMDDesignTools/2025.2.1/data/xhub/boards\XilinxBoardStore\boards\Xilinx\vcu110\1.4\board.xml as part xcvu190-flgc2104-2-e specified in board_part file is either invalid or not available
WARNING: [Board 49-26] cannot add Board Part xilinx.com:vcu118:part0:2.0 available at C:/AMDDesignTools/2025.2.1/data/xhub/boards\XilinxBoardStore\boards\Xilinx\vcu118\2.0\board.xml as part xcvu9p-flga2104-2l-e specified in board_part file is either invalid or not available
WARNING: [Board 49-26] cannot add Board Part xilinx.com:vcu118:part0:2.3 available at C:/AMDDesignTools/2025.2.1/data/xhub/boards\XilinxBoardStore\boards\Xilinx\vcu118\2.3\board.xml as part xcvu9p-flga2104-2l-e specified in board_part file is either invalid or not available
WARNING: [Board 49-26] cannot add Board Part xilinx.com:vcu118:part0:2.4 available at C:/AMDDesignTools/2025.2.1/data/xhub/boards\XilinxBoardStore\boards\Xilinx\vcu118\2.4\board.xml as part xcvu9p-flga2104-2l-e specified in board_part file is either invalid or not available
WARNING: [Board 49-26] cannot add Board Part xilinx.com:vcu128:part0:1.0 available at C:/AMDDesignTools/2025.2.1/data/xhub/boards\XilinxBoardStore\boards\Xilinx\vcu128\production\1.0\board.xml as part xcvu37p-fsvh2892-2l-e specified in board_part file is either invalid or not available
WARNING: [Board 49-26] cannot add Board Part xilinx.com:vcu129:part0:1.0 available at C:/AMDDesignTools/2025.2.1/data/xhub/boards\XilinxBoardStore\boards\Xilinx\vcu129\production\1.0\board.xml as part xcvu29p-fsga2577-2l-e specified in board_part file is either invalid or not available
WARNING: [Board 49-26] cannot add Board Part xilinx.com:vcu1525:part0:1.3 available at C:/AMDDesignTools/2025.2.1/data/xhub/boards\XilinxBoardStore\boards\Xilinx\vcu1525\1.3\board.xml as part xcvu9p-fsgd2104-2l-e specified in board_part file is either invalid or not available
WARNING: [Board 49-26] cannot add Board Part xilinx.com:vek280:part0:1.0 available at C:/AMDDesignTools/2025.2.1/data/xhub/boards\XilinxBoardStore\boards\Xilinx\vek280\production\1.0\board.xml as part xcve2802-vsvh1760-2mp-e-s specified in board_part file is either invalid or not available
WARNING: [Board 49-26] cannot add Board Part xilinx.com:vek280:part0:1.1 available at C:/AMDDesignTools/2025.2.1/data/xhub/boards\XilinxBoardStore\boards\Xilinx\vek280\production\1.1\board.xml as part xcve2802-vsvh1760-2mp-e-s specified in board_part file is either invalid or not available
WARNING: [Board 49-26] cannot add Board Part xilinx.com:vek280:part0:1.2 available at C:/AMDDesignTools/2025.2.1/data/xhub/boards\XilinxBoardStore\boards\Xilinx\vek280\production\1.2\board.xml as part xcve2802-vsvh1760-2mp-e-s specified in board_part file is either invalid or not available
WARNING: [Board 49-26] cannot add Board Part xilinx.com:vek385:part0:1.0 available at C:/AMDDesignTools/2025.2.1/data/xhub/boards\XilinxBoardStore\boards\Xilinx\vek385\1.0\board.xml as part xc2ve3858-ssva2112-2mp-e-s specified in board_part file is either invalid or not available
WARNING: [Board 49-26] cannot add Board Part xilinx.com:vek385:part0:1.1 available at C:/AMDDesignTools/2025.2.1/data/xhub/boards\XilinxBoardStore\boards\Xilinx\vek385\1.1\board.xml as part xc2ve3858-ssva2112-2mp-e-s specified in board_part file is either invalid or not available
WARNING: [Board 49-26] cannot add Board Part xilinx.com:vek385_1:part0:1.0 available at C:/AMDDesignTools/2025.2.1/data/xhub/boards\XilinxBoardStore\boards\Xilinx\vek385_2\1.0\board.xml as part xc2ve3858-ssva2112-2mp-e-s specified in board_part file is either invalid or not available
WARNING: [Board 49-26] cannot add Board Part xilinx.com:vermeo_t1_mpsoc:part0:1.0 available at C:/AMDDesignTools/2025.2.1/data/xhub/boards\XilinxBoardStore\boards\Xilinx\vermeo_t1_mpsoc\1.0\board.xml as part xczu19eg-ffvd1760-2l-e specified in board_part file is either invalid or not available
WARNING: [Board 49-26] cannot add Board Part xilinx.com:vermeo_t1_rfsoc:part0:1.0 available at C:/AMDDesignTools/2025.2.1/data/xhub/boards\XilinxBoardStore\boards\Xilinx\vermeo_t1_rfsoc\1.0\board.xml as part xczu21dr-ffvd1156-2l-e specified in board_part file is either invalid or not available
WARNING: [Board 49-26] cannot add Board Part xilinx.com:vhk158:part0:1.0 available at C:/AMDDesignTools/2025.2.1/data/xhub/boards\XilinxBoardStore\boards\Xilinx\vhk158\production\1.0\board.xml as part xcvh1582-vsva3697-2mp-e-s specified in board_part file is either invalid or not available
WARNING: [Board 49-26] cannot add Board Part xilinx.com:vhk158:part0:1.1 available at C:/AMDDesignTools/2025.2.1/data/xhub/boards\XilinxBoardStore\boards\Xilinx\vhk158\production\1.1\board.xml as part xcvh1582-vsva3697-2mp-e-s specified in board_part file is either invalid or not available
WARNING: [Board 49-26] cannot add Board Part xilinx.com:vhk158:part0:1.2 available at C:/AMDDesignTools/2025.2.1/data/xhub/boards\XilinxBoardStore\boards\Xilinx\vhk158\production\1.2\board.xml as part xcvh1582-vsva3697-2mp-e-s specified in board_part file is either invalid or not available
WARNING: [Board 49-26] cannot add Board Part xilinx.com:vmk180:part0:2.2 available at C:/AMDDesignTools/2025.2.1/data/xhub/boards\XilinxBoardStore\boards\Xilinx\vmk180\production\2.2\board.xml as part xcvm1802-vsva2197-2mp-e-s specified in board_part file is either invalid or not available
WARNING: [Board 49-26] cannot add Board Part xilinx.com:vmk180:part0:3.0 available at C:/AMDDesignTools/2025.2.1/data/xhub/boards\XilinxBoardStore\boards\Xilinx\vmk180\production\3.0\board.xml as part xcvm1802-vsva2197-2mp-e-s specified in board_part file is either invalid or not available
WARNING: [Board 49-26] cannot add Board Part xilinx.com:vmk180:part0:3.1 available at C:/AMDDesignTools/2025.2.1/data/xhub/boards\XilinxBoardStore\boards\Xilinx\vmk180\production\3.1\board.xml as part xcvm1802-vsva2197-2mp-e-s specified in board_part file is either invalid or not available
WARNING: [Board 49-26] cannot add Board Part xilinx.com:vmk180:part0:3.2 available at C:/AMDDesignTools/2025.2.1/data/xhub/boards\XilinxBoardStore\boards\Xilinx\vmk180\production\3.2\board.xml as part xcvm1802-vsva2197-2mp-e-s specified in board_part file is either invalid or not available
WARNING: [Board 49-26] cannot add Board Part xilinx.com:vmk180:part0:3.3 available at C:/AMDDesignTools/2025.2.1/data/xhub/boards\XilinxBoardStore\boards\Xilinx\vmk180\production\3.3\board.xml as part xcvm1802-vsva2197-2mp-e-s specified in board_part file is either invalid or not available
WARNING: [Board 49-26] cannot add Board Part xilinx.com:vmk180_newl:part0:1.0 available at C:/AMDDesignTools/2025.2.1/data/xhub/boards\XilinxBoardStore\boards\Xilinx\vmk180_newl\production\1.0\board.xml as part xcvm1802-vsva2197-2mp-e-s specified in board_part file is either invalid or not available
WARNING: [Board 49-26] cannot add Board Part xilinx.com:vmk180_newl:part0:1.1 available at C:/AMDDesignTools/2025.2.1/data/xhub/boards\XilinxBoardStore\boards\Xilinx\vmk180_newl\production\1.1\board.xml as part xcvm1802-vsva2197-2mp-e-s specified in board_part file is either invalid or not available
WARNING: [Board 49-26] cannot add Board Part xilinx.com:vpk120:part0:1.0 available at C:/AMDDesignTools/2025.2.1/data/xhub/boards\XilinxBoardStore\boards\Xilinx\vpk120\production\1.0\board.xml as part xcvp1202-vsva2785-2mp-e-s specified in board_part file is either invalid or not available
WARNING: [Board 49-26] cannot add Board Part xilinx.com:vpk120:part0:1.1 available at C:/AMDDesignTools/2025.2.1/data/xhub/boards\XilinxBoardStore\boards\Xilinx\vpk120\production\1.1\board.xml as part xcvp1202-vsva2785-2mp-e-s specified in board_part file is either invalid or not available
WARNING: [Board 49-26] cannot add Board Part xilinx.com:vpk120:part0:1.2 available at C:/AMDDesignTools/2025.2.1/data/xhub/boards\XilinxBoardStore\boards\Xilinx\vpk120\production\1.2\board.xml as part xcvp1202-vsva2785-2mp-e-s specified in board_part file is either invalid or not available
WARNING: [Board 49-26] cannot add Board Part xilinx.com:vpk180:part0:1.0 available at C:/AMDDesignTools/2025.2.1/data/xhub/boards\XilinxBoardStore\boards\Xilinx\vpk180\production\1.0\board.xml as part xcvp1802-lsvc4072-2mp-e-s specified in board_part file is either invalid or not available
WARNING: [Board 49-26] cannot add Board Part xilinx.com:vpk180:part0:1.1 available at C:/AMDDesignTools/2025.2.1/data/xhub/boards\XilinxBoardStore\boards\Xilinx\vpk180\production\1.1\board.xml as part xcvp1802-lsvc4072-2mp-e-s specified in board_part file is either invalid or not available
WARNING: [Board 49-26] cannot add Board Part xilinx.com:vpk180:part0:1.2 available at C:/AMDDesignTools/2025.2.1/data/xhub/boards\XilinxBoardStore\boards\Xilinx\vpk180\production\1.2\board.xml as part xcvp1802-lsvc4072-2mp-e-s specified in board_part file is either invalid or not available
WARNING: [Board 49-26] cannot add Board Part xilinx.com:vrk160:part0:1.0 available at C:/AMDDesignTools/2025.2.1/data/xhub/boards\XilinxBoardStore\boards\Xilinx\vrk160\1.0\board.xml as part xcvr1602-vsva2488-2mp-e-s-es1 specified in board_part file is either invalid or not available
WARNING: [Board 49-26] cannot add Board Part xilinx.com:vrk160:part0:1.1 available at C:/AMDDesignTools/2025.2.1/data/xhub/boards\XilinxBoardStore\boards\Xilinx\vrk160\1.1\board.xml as part xcvr1602-vsva2488-2mp-e-s-es1 specified in board_part file is either invalid or not available
WARNING: [Board 49-26] cannot add Board Part xilinx.com:vrk165_es:part0:1.0 available at C:/AMDDesignTools/2025.2.1/data/xhub/boards\XilinxBoardStore\boards\Xilinx\vrk165\es\1.0\board.xml as part xcvr1652-vsva2488-2mp-e-s-es1 specified in board_part file is either invalid or not available
WARNING: [Board 49-26] cannot add Board Part xilinx.com:zc702:part0:1.4 available at C:/AMDDesignTools/2025.2.1/data/xhub/boards\XilinxBoardStore\boards\Xilinx\zc702\1.4\board.xml as part xc7z020clg484-1 specified in board_part file is either invalid or not available
WARNING: [Board 49-26] cannot add Board Part xilinx.com:zc706:part0:1.4 available at C:/AMDDesignTools/2025.2.1/data/xhub/boards\XilinxBoardStore\boards\Xilinx\zc706\1.4\board.xml as part xc7z045ffg900-2 specified in board_part file is either invalid or not available
WARNING: [Board 49-26] cannot add Board Part xilinx.com:zc706:part0:1.5 available at C:/AMDDesignTools/2025.2.1/data/xhub/boards\XilinxBoardStore\boards\Xilinx\zc706\1.5\board.xml as part xc7z045ffg900-2 specified in board_part file is either invalid or not available
WARNING: [Board 49-26] cannot add Board Part xilinx.com:zcu102:part0:3.3 available at C:/AMDDesignTools/2025.2.1/data/xhub/boards\XilinxBoardStore\boards\Xilinx\zcu102\3.3\board.xml as part xczu9eg-ffvb1156-2-e specified in board_part file is either invalid or not available
WARNING: [Board 49-26] cannot add Board Part xilinx.com:zcu102:part0:3.4 available at C:/AMDDesignTools/2025.2.1/data/xhub/boards\XilinxBoardStore\boards\Xilinx\zcu102\3.4\board.xml as part xczu9eg-ffvb1156-2-e specified in board_part file is either invalid or not available
WARNING: [Board 49-26] cannot add Board Part xilinx.com:zcu104:part0:1.1 available at C:/AMDDesignTools/2025.2.1/data/xhub/boards\XilinxBoardStore\boards\Xilinx\zcu104\1.1\board.xml as part xczu7ev-ffvc1156-2-e specified in board_part file is either invalid or not available
WARNING: [Board 49-26] cannot add Board Part xilinx.com:zcu106:part0:2.4 available at C:/AMDDesignTools/2025.2.1/data/xhub/boards\XilinxBoardStore\boards\Xilinx\zcu106\2.4\board.xml as part xczu7ev-ffvc1156-2-e specified in board_part file is either invalid or not available
WARNING: [Board 49-26] cannot add Board Part xilinx.com:zcu106:part0:2.5 available at C:/AMDDesignTools/2025.2.1/data/xhub/boards\XilinxBoardStore\boards\Xilinx\zcu106\2.5\board.xml as part xczu7ev-ffvc1156-2-e specified in board_part file is either invalid or not available
WARNING: [Board 49-26] cannot add Board Part xilinx.com:zcu106:part0:2.6 available at C:/AMDDesignTools/2025.2.1/data/xhub/boards\XilinxBoardStore\boards\Xilinx\zcu106\2.6\board.xml as part xczu7ev-ffvc1156-2-e specified in board_part file is either invalid or not available
WARNING: [Board 49-26] cannot add Board Part xilinx.com:zcu111:part0:1.2 available at C:/AMDDesignTools/2025.2.1/data/xhub/boards\XilinxBoardStore\boards\Xilinx\zcu111\1.2\board.xml as part xczu28dr-ffvg1517-2-e specified in board_part file is either invalid or not available
WARNING: [Board 49-26] cannot add Board Part xilinx.com:zcu111:part0:1.3 available at C:/AMDDesignTools/2025.2.1/data/xhub/boards\XilinxBoardStore\boards\Xilinx\zcu111\1.3\board.xml as part xczu28dr-ffvg1517-2-e specified in board_part file is either invalid or not available
WARNING: [Board 49-26] cannot add Board Part xilinx.com:zcu111:part0:1.4 available at C:/AMDDesignTools/2025.2.1/data/xhub/boards\XilinxBoardStore\boards\Xilinx\zcu111\1.4\board.xml as part xczu28dr-ffvg1517-2-e specified in board_part file is either invalid or not available
WARNING: [Board 49-26] cannot add Board Part xilinx.com:zcu1275:part0:1.0 available at C:/AMDDesignTools/2025.2.1/data/xhub/boards\XilinxBoardStore\boards\Xilinx\zcu1275\1.0\board.xml as part xczu29dr-ffvf1760-2-e specified in board_part file is either invalid or not available
WARNING: [Board 49-26] cannot add Board Part xilinx.com:zcu1285:part0:1.0 available at C:/AMDDesignTools/2025.2.1/data/xhub/boards\XilinxBoardStore\boards\Xilinx\zcu1285\1.0\board.xml as part xczu39dr-ffvf1760-2-i specified in board_part file is either invalid or not available
INFO: [filemgmt 56-3] Default IP Output Path : Could not find the directory 'C:/Users/osmya/Desktop/RTLSecure/RTLSecure.gen/sources_1'.
WARNING: [Board 49-26] cannot add Board Part xilinx.com:zcu208:part0:2.0 available at C:/AMDDesignTools/2025.2.1/data/xhub/boards\XilinxBoardStore\boards\Xilinx\zcu208\production\2.0\board.xml as part xczu48dr-fsvg1517-2-e specified in board_part file is either invalid or not available
WARNING: [Board 49-26] cannot add Board Part xilinx.com:zcu208ld:part0:2.0 available at C:/AMDDesignTools/2025.2.1/data/xhub/boards\XilinxBoardStore\boards\Xilinx\zcu208ld\production\2.0\board.xml as part xczu58dr-fsvg1517-2-i specified in board_part file is either invalid or not available
WARNING: [Board 49-26] cannot add Board Part xilinx.com:zcu216:part0:2.0 available at C:/AMDDesignTools/2025.2.1/data/xhub/boards\XilinxBoardStore\boards\Xilinx\zcu216\production\2.0\board.xml as part xczu49dr-ffvf1760-2-e specified in board_part file is either invalid or not available
WARNING: [Board 49-26] cannot add Board Part xilinx.com:zcu216ld:part0:2.0 available at C:/AMDDesignTools/2025.2.1/data/xhub/boards\XilinxBoardStore\boards\Xilinx\zcu216ld\production\2.0\board.xml as part xczu59dr-ffvf1760-2-i specified in board_part file is either invalid or not available
WARNING: [Board 49-26] cannot add Board Part xilinx.com:zcu670:part0:2.0 available at C:/AMDDesignTools/2025.2.1/data/xhub/boards\XilinxBoardStore\boards\Xilinx\zcu670\2.0\board.xml as part xczu67dr-fsve1156-2-i specified in board_part file is either invalid or not available
WARNING: [Board 49-26] cannot add Board Part xilinx.com:zcu670ld:part0:1.0 available at C:/AMDDesignTools/2025.2.1/data/xhub/boards\XilinxBoardStore\boards\Xilinx\zcu670ld\1.0\board.xml as part xczu57dr-fsve1156-2-i specified in board_part file is either invalid or not available
Scanning sources...
Finished scanning sources
WARNING: [Board 49-26] cannot add Board Part xilinx.com:emb-plus-vpr-4616:part0:1.0 available at C:/AMDDesignTools/2025.2.1/data/xhub/boards\XilinxBoardStore\boards\Xilinx\emb-plus-vpr-4616\1.0\board.xml as part xcve2302-sfva784-2mp-e-s specified in board_part file is either invalid or not available
WARNING: [Board 49-26] cannot add Board Part xilinx.com:emb-plus-vpr-4616:part0:1.1 available at C:/AMDDesignTools/2025.2.1/data/xhub/boards\XilinxBoardStore\boards\Xilinx\emb-plus-vpr-4616\1.1\board.xml as part xcve2302-sfva784-2mp-e-s specified in board_part file is either invalid or not available
WARNING: [Board 49-26] cannot add Board Part xilinx.com:k24c:part0:1.0 available at C:/AMDDesignTools/2025.2.1/data/xhub/boards\XilinxBoardStore\boards\Xilinx\k24c\1.0\board.xml as part xck24-ubva530-2lv-c specified in board_part file is either invalid or not available
INFO: [Common 17-14] Message 'Board 49-26' appears 100 times and further instances of the messages will be disabled. Use the Tcl command set_msg_config to change the current settings.
WARNING: [Project 1-5713] Board part '' set for the project  is not found. BoardPart property will be unset. Please select board from latest repo build 
INFO: [IP_Flow 19-234] Refreshing IP repositories
INFO: [IP_Flow 19-1704] No user IP repositories specified
INFO: [IP_Flow 19-2313] Loaded Vivado IP repository 'C:/AMDDesignTools/2025.2.1/Vivado/data/ip'.
open_project: Time (s): cpu = 00:00:26 ; elapsed = 00:00:16 . Memory (MB): peak = 1657.508 ; gain = 213.293
update_compile_order -fileset sources_1
close [ open C:/Users/osmya/Desktop/RTLSecure/RTLSecure.srcs/sources_1/new/aes_key_expansion.sv w ]
add_files C:/Users/osmya/Desktop/RTLSecure/RTLSecure.srcs/sources_1/new/aes_key_expansion.sv
update_compile_order -fileset sources_1
update_compile_order -fileset sources_1
launch_simulation
Command: launch_simulation 
INFO: [Vivado 12-25911] Executing simulation for 'XSim' simulator
INFO: [Vivado 12-28535] Process started - Fri May 29 02:47:45 2026

INFO: [Vivado 12-12493] Simulation top is 'tb_AES'
INFO: [Vivado 12-5682] Launching behavioral simulation in 'C:/Users/osmya/Desktop/RTLSecure/RTLSecure.sim/sim_1/behav/xsim'
INFO: [SIM-utils-51] Simulation object is 'sim_1'
INFO: [SIM-utils-72] Using boost library from 'C:/AMDDesignTools/2025.2.1/Vivado/tps/boost_1_72_0'
INFO: [SIM-utils-54] Inspecting design source files for 'tb_AES' in fileset 'sim_1'...
INFO: [USF-XSim-97] Finding global include files...
INFO: [USF-XSim-98] Fetching design files from 'sim_1'...
INFO: [USF-XSim-2] XSim::Compile design
INFO: [USF-XSim-61] Executing 'COMPILE and ANALYZE' step in 'C:/Users/osmya/Desktop/RTLSecure/RTLSecure.sim/sim_1/behav/xsim'
"xvlog --incr --relax -L uvm -prj tb_AES_vlog.prj"
INFO: [VRFC 10-2263] Analyzing SystemVerilog file "C:/Users/osmya/Desktop/RTLSecure/RTLSecure.srcs/sources_1/new/aes_pkg.sv" into library xil_defaultlib
INFO: [VRFC 10-2263] Analyzing SystemVerilog file "C:/Users/osmya/Desktop/RTLSecure/RTLSecure.srcs/sources_1/new/AES.sv" into library xil_defaultlib
INFO: [VRFC 10-311] analyzing module AES
INFO: [VRFC 10-2263] Analyzing SystemVerilog file "C:/Users/osmya/Desktop/RTLSecure/RTLSecure.srcs/sources_1/new/AES_Decrypt.sv" into library xil_defaultlib
INFO: [VRFC 10-311] analyzing module AES_Decrypt
INFO: [VRFC 10-2263] Analyzing SystemVerilog file "C:/Users/osmya/Desktop/RTLSecure/RTLSecure.srcs/sources_1/new/aes_add_round_key.sv" into library xil_defaultlib
INFO: [VRFC 10-311] analyzing module aes_add_round_key
INFO: [VRFC 10-2263] Analyzing SystemVerilog file "C:/Users/osmya/Desktop/RTLSecure/RTLSecure.srcs/sources_1/new/aes_inv_mix_columns.sv" into library xil_defaultlib
INFO: [VRFC 10-311] analyzing module aes_inv_mix_columns
INFO: [VRFC 10-2263] Analyzing SystemVerilog file "C:/Users/osmya/Desktop/RTLSecure/RTLSecure.srcs/sources_1/new/aes_inv_shift_rows.sv" into library xil_defaultlib
INFO: [VRFC 10-311] analyzing module aes_inv_shift_rows
INFO: [VRFC 10-2263] Analyzing SystemVerilog file "C:/Users/osmya/Desktop/RTLSecure/RTLSecure.srcs/sources_1/new/aes_inv_substitute_bytes.sv" into library xil_defaultlib
INFO: [VRFC 10-311] analyzing module aes_inv_substitute_bytes
INFO: [VRFC 10-2263] Analyzing SystemVerilog file "C:/Users/osmya/Desktop/RTLSecure/RTLSecure.srcs/sources_1/new/aes_key_expansion.sv" into library xil_defaultlib
INFO: [VRFC 10-311] analyzing module aes_key_expansion
ERROR: [VRFC 10-2993] 'sbox' is not declared within package 'aes_pkg' [C:/Users/osmya/Desktop/RTLSecure/RTLSecure.srcs/sources_1/new/aes_key_expansion.sv:56]
ERROR: [VRFC 10-8530] module 'aes_key_expansion' is ignored due to previous errors [C:/Users/osmya/Desktop/RTLSecure/RTLSecure.srcs/sources_1/new/aes_key_expansion.sv:23]
INFO: [USF-XSim-69] 'compile' step finished in '1' seconds
INFO: [USF-XSim-99] Step results log file:'C:/Users/osmya/Desktop/RTLSecure/RTLSecure.sim/sim_1/behav/xsim/xvlog.log'
ERROR: [USF-XSim-62] 'compile' step failed with error(s). Please check the Tcl console output or 'C:/Users/osmya/Desktop/RTLSecure/RTLSecure.sim/sim_1/behav/xsim/xvlog.log' file for more information.
ERROR: [Vivado 12-4473] Detected error while running simulation. Please correct the issue and retry this operation.
ERROR: [Common 17-39] 'launch_simulation' failed due to earlier errors.
launch_simulation
Command: launch_simulation 
INFO: [Vivado 12-25911] Executing simulation for 'XSim' simulator
INFO: [Vivado 12-28535] Process started - Fri May 29 02:48:03 2026

INFO: [Vivado 12-12493] Simulation top is 'tb_AES'
INFO: [Vivado 12-5682] Launching behavioral simulation in 'C:/Users/osmya/Desktop/RTLSecure/RTLSecure.sim/sim_1/behav/xsim'
INFO: [SIM-utils-51] Simulation object is 'sim_1'
INFO: [SIM-utils-72] Using boost library from 'C:/AMDDesignTools/2025.2.1/Vivado/tps/boost_1_72_0'
INFO: [SIM-utils-54] Inspecting design source files for 'tb_AES' in fileset 'sim_1'...
INFO: [USF-XSim-97] Finding global include files...
INFO: [USF-XSim-98] Fetching design files from 'sim_1'...
INFO: [USF-XSim-2] XSim::Compile design
INFO: [USF-XSim-61] Executing 'COMPILE and ANALYZE' step in 'C:/Users/osmya/Desktop/RTLSecure/RTLSecure.sim/sim_1/behav/xsim'
"xvlog --incr --relax -L uvm -prj tb_AES_vlog.prj"
INFO: [VRFC 10-2263] Analyzing SystemVerilog file "C:/Users/osmya/Desktop/RTLSecure/RTLSecure.srcs/sources_1/new/aes_pkg.sv" into library xil_defaultlib
INFO: [VRFC 10-2263] Analyzing SystemVerilog file "C:/Users/osmya/Desktop/RTLSecure/RTLSecure.srcs/sources_1/new/AES.sv" into library xil_defaultlib
INFO: [VRFC 10-311] analyzing module AES
INFO: [VRFC 10-2263] Analyzing SystemVerilog file "C:/Users/osmya/Desktop/RTLSecure/RTLSecure.srcs/sources_1/new/AES_Decrypt.sv" into library xil_defaultlib
INFO: [VRFC 10-311] analyzing module AES_Decrypt
INFO: [VRFC 10-2263] Analyzing SystemVerilog file "C:/Users/osmya/Desktop/RTLSecure/RTLSecure.srcs/sources_1/new/aes_add_round_key.sv" into library xil_defaultlib
INFO: [VRFC 10-311] analyzing module aes_add_round_key
INFO: [VRFC 10-2263] Analyzing SystemVerilog file "C:/Users/osmya/Desktop/RTLSecure/RTLSecure.srcs/sources_1/new/aes_inv_mix_columns.sv" into library xil_defaultlib
INFO: [VRFC 10-311] analyzing module aes_inv_mix_columns
INFO: [VRFC 10-2263] Analyzing SystemVerilog file "C:/Users/osmya/Desktop/RTLSecure/RTLSecure.srcs/sources_1/new/aes_inv_shift_rows.sv" into library xil_defaultlib
INFO: [VRFC 10-311] analyzing module aes_inv_shift_rows
INFO: [VRFC 10-2263] Analyzing SystemVerilog file "C:/Users/osmya/Desktop/RTLSecure/RTLSecure.srcs/sources_1/new/aes_inv_substitute_bytes.sv" into library xil_defaultlib
INFO: [VRFC 10-311] analyzing module aes_inv_substitute_bytes
INFO: [VRFC 10-2263] Analyzing SystemVerilog file "C:/Users/osmya/Desktop/RTLSecure/RTLSecure.srcs/sources_1/new/aes_key_expansion.sv" into library xil_defaultlib
INFO: [VRFC 10-311] analyzing module aes_key_expansion
ERROR: [VRFC 10-2993] 'sbox' is not declared within package 'aes_pkg' [C:/Users/osmya/Desktop/RTLSecure/RTLSecure.srcs/sources_1/new/aes_key_expansion.sv:56]
ERROR: [VRFC 10-8530] module 'aes_key_expansion' is ignored due to previous errors [C:/Users/osmya/Desktop/RTLSecure/RTLSecure.srcs/sources_1/new/aes_key_expansion.sv:23]
INFO: [USF-XSim-69] 'compile' step finished in '1' seconds
INFO: [USF-XSim-99] Step results log file:'C:/Users/osmya/Desktop/RTLSecure/RTLSecure.sim/sim_1/behav/xsim/xvlog.log'
ERROR: [USF-XSim-62] 'compile' step failed with error(s). Please check the Tcl console output or 'C:/Users/osmya/Desktop/RTLSecure/RTLSecure.sim/sim_1/behav/xsim/xvlog.log' file for more information.
ERROR: [Vivado 12-4473] Detected error while running simulation. Please correct the issue and retry this operation.
ERROR: [Common 17-39] 'launch_simulation' failed due to earlier errors.
launch_simulation
Command: launch_simulation 
INFO: [Vivado 12-25911] Executing simulation for 'XSim' simulator
INFO: [Vivado 12-28535] Process started - Fri May 29 02:49:46 2026

INFO: [Vivado 12-12493] Simulation top is 'tb_AES'
INFO: [Vivado 12-5682] Launching behavioral simulation in 'C:/Users/osmya/Desktop/RTLSecure/RTLSecure.sim/sim_1/behav/xsim'
INFO: [SIM-utils-51] Simulation object is 'sim_1'
INFO: [SIM-utils-72] Using boost library from 'C:/AMDDesignTools/2025.2.1/Vivado/tps/boost_1_72_0'
INFO: [SIM-utils-54] Inspecting design source files for 'tb_AES' in fileset 'sim_1'...
INFO: [USF-XSim-97] Finding global include files...
INFO: [USF-XSim-98] Fetching design files from 'sim_1'...
INFO: [USF-XSim-2] XSim::Compile design
INFO: [USF-XSim-61] Executing 'COMPILE and ANALYZE' step in 'C:/Users/osmya/Desktop/RTLSecure/RTLSecure.sim/sim_1/behav/xsim'
"xvlog --incr --relax -L uvm -prj tb_AES_vlog.prj"
INFO: [VRFC 10-2263] Analyzing SystemVerilog file "C:/Users/osmya/Desktop/RTLSecure/RTLSecure.srcs/sources_1/new/aes_pkg.sv" into library xil_defaultlib
INFO: [VRFC 10-2263] Analyzing SystemVerilog file "C:/Users/osmya/Desktop/RTLSecure/RTLSecure.srcs/sources_1/new/AES.sv" into library xil_defaultlib
INFO: [VRFC 10-311] analyzing module AES
INFO: [VRFC 10-2263] Analyzing SystemVerilog file "C:/Users/osmya/Desktop/RTLSecure/RTLSecure.srcs/sources_1/new/AES_Decrypt.sv" into library xil_defaultlib
INFO: [VRFC 10-311] analyzing module AES_Decrypt
INFO: [VRFC 10-2263] Analyzing SystemVerilog file "C:/Users/osmya/Desktop/RTLSecure/RTLSecure.srcs/sources_1/new/aes_add_round_key.sv" into library xil_defaultlib
INFO: [VRFC 10-311] analyzing module aes_add_round_key
INFO: [VRFC 10-2263] Analyzing SystemVerilog file "C:/Users/osmya/Desktop/RTLSecure/RTLSecure.srcs/sources_1/new/aes_inv_mix_columns.sv" into library xil_defaultlib
INFO: [VRFC 10-311] analyzing module aes_inv_mix_columns
INFO: [VRFC 10-2263] Analyzing SystemVerilog file "C:/Users/osmya/Desktop/RTLSecure/RTLSecure.srcs/sources_1/new/aes_inv_shift_rows.sv" into library xil_defaultlib
INFO: [VRFC 10-311] analyzing module aes_inv_shift_rows
INFO: [VRFC 10-2263] Analyzing SystemVerilog file "C:/Users/osmya/Desktop/RTLSecure/RTLSecure.srcs/sources_1/new/aes_inv_substitute_bytes.sv" into library xil_defaultlib
INFO: [VRFC 10-311] analyzing module aes_inv_substitute_bytes
INFO: [VRFC 10-2263] Analyzing SystemVerilog file "C:/Users/osmya/Desktop/RTLSecure/RTLSecure.srcs/sources_1/new/aes_key_expansion.sv" into library xil_defaultlib
INFO: [VRFC 10-311] analyzing module aes_key_expansion
ERROR: [VRFC 10-2993] 'sbox' is not declared within package 'aes_pkg' [C:/Users/osmya/Desktop/RTLSecure/RTLSecure.srcs/sources_1/new/aes_key_expansion.sv:56]
ERROR: [VRFC 10-8530] module 'aes_key_expansion' is ignored due to previous errors [C:/Users/osmya/Desktop/RTLSecure/RTLSecure.srcs/sources_1/new/aes_key_expansion.sv:23]
INFO: [USF-XSim-69] 'compile' step finished in '1' seconds
INFO: [USF-XSim-99] Step results log file:'C:/Users/osmya/Desktop/RTLSecure/RTLSecure.sim/sim_1/behav/xsim/xvlog.log'
ERROR: [USF-XSim-62] 'compile' step failed with error(s). Please check the Tcl console output or 'C:/Users/osmya/Desktop/RTLSecure/RTLSecure.sim/sim_1/behav/xsim/xvlog.log' file for more information.
ERROR: [Vivado 12-4473] Detected error while running simulation. Please correct the issue and retry this operation.
ERROR: [Common 17-39] 'launch_simulation' failed due to earlier errors.
update_compile_order -fileset sources_1
update_compile_order -fileset sources_1
launch_simulation
Command: launch_simulation 
INFO: [Vivado 12-25911] Executing simulation for 'XSim' simulator
INFO: [Vivado 12-28535] Process started - Fri May 29 02:54:18 2026

INFO: [Vivado 12-12493] Simulation top is 'tb_AES'
INFO: [Vivado 12-5682] Launching behavioral simulation in 'C:/Users/osmya/Desktop/RTLSecure/RTLSecure.sim/sim_1/behav/xsim'
INFO: [SIM-utils-51] Simulation object is 'sim_1'
INFO: [SIM-utils-72] Using boost library from 'C:/AMDDesignTools/2025.2.1/Vivado/tps/boost_1_72_0'
INFO: [SIM-utils-54] Inspecting design source files for 'tb_AES' in fileset 'sim_1'...
INFO: [USF-XSim-97] Finding global include files...
INFO: [USF-XSim-98] Fetching design files from 'sim_1'...
INFO: [USF-XSim-2] XSim::Compile design
INFO: [USF-XSim-61] Executing 'COMPILE and ANALYZE' step in 'C:/Users/osmya/Desktop/RTLSecure/RTLSecure.sim/sim_1/behav/xsim'
"xvlog --incr --relax -L uvm -prj tb_AES_vlog.prj"
INFO: [VRFC 10-2263] Analyzing SystemVerilog file "C:/Users/osmya/Desktop/RTLSecure/RTLSecure.srcs/sources_1/new/aes_pkg.sv" into library xil_defaultlib
INFO: [VRFC 10-2263] Analyzing SystemVerilog file "C:/Users/osmya/Desktop/RTLSecure/RTLSecure.srcs/sources_1/new/AES.sv" into library xil_defaultlib
INFO: [VRFC 10-311] analyzing module AES
INFO: [VRFC 10-2263] Analyzing SystemVerilog file "C:/Users/osmya/Desktop/RTLSecure/RTLSecure.srcs/sources_1/new/AES_Decrypt.sv" into library xil_defaultlib
INFO: [VRFC 10-311] analyzing module AES_Decrypt
INFO: [VRFC 10-2263] Analyzing SystemVerilog file "C:/Users/osmya/Desktop/RTLSecure/RTLSecure.srcs/sources_1/new/aes_add_round_key.sv" into library xil_defaultlib
INFO: [VRFC 10-311] analyzing module aes_add_round_key
INFO: [VRFC 10-2263] Analyzing SystemVerilog file "C:/Users/osmya/Desktop/RTLSecure/RTLSecure.srcs/sources_1/new/aes_inv_mix_columns.sv" into library xil_defaultlib
INFO: [VRFC 10-311] analyzing module aes_inv_mix_columns
INFO: [VRFC 10-2263] Analyzing SystemVerilog file "C:/Users/osmya/Desktop/RTLSecure/RTLSecure.srcs/sources_1/new/aes_inv_shift_rows.sv" into library xil_defaultlib
INFO: [VRFC 10-311] analyzing module aes_inv_shift_rows
INFO: [VRFC 10-2263] Analyzing SystemVerilog file "C:/Users/osmya/Desktop/RTLSecure/RTLSecure.srcs/sources_1/new/aes_inv_substitute_bytes.sv" into library xil_defaultlib
INFO: [VRFC 10-311] analyzing module aes_inv_substitute_bytes
INFO: [VRFC 10-2263] Analyzing SystemVerilog file "C:/Users/osmya/Desktop/RTLSecure/RTLSecure.srcs/sources_1/new/aes_key_expansion.sv" into library xil_defaultlib
INFO: [VRFC 10-311] analyzing module aes_key_expansion
INFO: [VRFC 10-2263] Analyzing SystemVerilog file "C:/Users/osmya/Desktop/RTLSecure/RTLSecure.srcs/sources_1/new/aes_mix_columns.sv" into library xil_defaultlib
INFO: [VRFC 10-311] analyzing module aes_mix_columns
INFO: [VRFC 10-2263] Analyzing SystemVerilog file "C:/Users/osmya/Desktop/RTLSecure/RTLSecure.srcs/sources_1/new/aes_shift_rows.sv" into library xil_defaultlib
INFO: [VRFC 10-311] analyzing module aes_shift_rows
INFO: [VRFC 10-2263] Analyzing SystemVerilog file "C:/Users/osmya/Desktop/RTLSecure/RTLSecure.srcs/sources_1/new/aes_substitute_bytes.sv" into library xil_defaultlib
INFO: [VRFC 10-311] analyzing module aes_substitute_bytes
INFO: [VRFC 10-2263] Analyzing SystemVerilog file "C:/Users/osmya/Desktop/RTLSecure/RTLSecure.srcs/sources_1/new/sbox_8bit.sv" into library xil_defaultlib
INFO: [VRFC 10-311] analyzing module sbox_8bit
INFO: [VRFC 10-2263] Analyzing SystemVerilog file "C:/Users/osmya/Desktop/RTLSecure/RTLSecure.srcs/sources_1/new/sbox_inv_8bit.sv" into library xil_defaultlib
INFO: [VRFC 10-311] analyzing module sbox_inv_8bit
INFO: [VRFC 10-2263] Analyzing SystemVerilog file "C:/Users/osmya/Desktop/RTLSecure/RTLSecure.srcs/sim_1/new/tb_AES.sv" into library xil_defaultlib
INFO: [VRFC 10-311] analyzing module tb_AES
INFO: [USF-XSim-69] 'compile' step finished in '1' seconds
INFO: [USF-XSim-3] XSim::Elaborate design
INFO: [USF-XSim-61] Executing 'ELABORATE' step in 'C:/Users/osmya/Desktop/RTLSecure/RTLSecure.sim/sim_1/behav/xsim'
"xelab --incr --debug typical --relax --mt 2 -L xil_defaultlib -L uvm -L unisims_ver -L unimacro_ver -L secureip --snapshot tb_AES_behav xil_defaultlib.tb_AES xil_defaultlib.glbl -log elaborate.log"
Vivado Simulator v2025.2.1
Copyright 1986-2022 Xilinx, Inc. All Rights Reserved.
Copyright 2022-2025 Advanced Micro Devices, Inc. All Rights Reserved.
Running: C:/AMDDesignTools/2025.2.1/Vivado/bin/unwrapped/win64.o/xelab.exe --incr --debug typical --relax --mt 2 -L xil_defaultlib -L uvm -L unisims_ver -L unimacro_ver -L secureip --snapshot tb_AES_behav xil_defaultlib.tb_AES xil_defaultlib.glbl -log elaborate.log 
Using 2 slave threads.
Starting static elaboration
Pass Through NonSizing Optimizer
ERROR: [VRFC 10-395] cannot assign a packed type to an unpacked type [C:/Users/osmya/Desktop/RTLSecure/RTLSecure.srcs/sources_1/new/AES.sv:59]
ERROR: [VRFC 10-395] cannot assign a packed type to an unpacked type [C:/Users/osmya/Desktop/RTLSecure/RTLSecure.srcs/sources_1/new/AES_Decrypt.sv:59]
ERROR: [XSIM 43-3322] Static elaboration of top level Verilog design unit(s) in library work failed.
INFO: [USF-XSim-69] 'elaborate' step finished in '1' seconds
INFO: [USF-XSim-99] Step results log file:'C:/Users/osmya/Desktop/RTLSecure/RTLSecure.sim/sim_1/behav/xsim/elaborate.log'
ERROR: [USF-XSim-62] 'elaborate' step failed with error(s). Please check the Tcl console output or 'C:/Users/osmya/Desktop/RTLSecure/RTLSecure.sim/sim_1/behav/xsim/elaborate.log' file for more information.
ERROR: [Vivado 12-4473] Detected error while running simulation. Please correct the issue and retry this operation.
ERROR: [Common 17-39] 'launch_simulation' failed due to earlier errors.
WARNING: [filemgmt 56-199] Attempt to get parsing info during refresh. "On-the-fly" syntax checking information may be incorrect. [C:\Users\osmya\Desktop\RTLSecure\RTLSecure.srcs\sources_1\new\AES.sv:]
WARNING: [filemgmt 56-199] Attempt to get parsing info during refresh. "On-the-fly" syntax checking information may be incorrect. [C:\Users\osmya\Desktop\RTLSecure\RTLSecure.srcs\sim_1\new\tb_AES.sv:]
WARNING: [filemgmt 56-199] Attempt to get parsing info during refresh. "On-the-fly" syntax checking information may be incorrect. [C:\Users\osmya\Desktop\RTLSecure\RTLSecure.srcs\sources_1\new\AES.sv:]
WARNING: [filemgmt 56-199] Attempt to get parsing info during refresh. "On-the-fly" syntax checking information may be incorrect. [C:\Users\osmya\Desktop\RTLSecure\RTLSecure.srcs\sources_1\new\AES.sv:]
WARNING: [filemgmt 56-199] Attempt to get parsing info during refresh. "On-the-fly" syntax checking information may be incorrect. [C:\Users\osmya\Desktop\RTLSecure\RTLSecure.srcs\sources_1\new\AES.sv:]
WARNING: [filemgmt 56-199] Attempt to get parsing info during refresh. "On-the-fly" syntax checking information may be incorrect. [C:\Users\osmya\Desktop\RTLSecure\RTLSecure.srcs\sim_1\new\tb_AES.sv:]
WARNING: [filemgmt 56-199] Attempt to get parsing info during refresh. "On-the-fly" syntax checking information may be incorrect. [C:\Users\osmya\Desktop\RTLSecure\RTLSecure.srcs\sim_1\new\tb_AES.sv:]
WARNING: [filemgmt 56-199] Attempt to get parsing info during refresh. "On-the-fly" syntax checking information may be incorrect. [C:\Users\osmya\Desktop\RTLSecure\RTLSecure.srcs\sim_1\new\tb_AES.sv:]
WARNING: [filemgmt 56-199] Attempt to get parsing info during refresh. "On-the-fly" syntax checking information may be incorrect. [C:\Users\osmya\Desktop\RTLSecure\RTLSecure.srcs\sources_1\new\AES.sv:]
WARNING: [filemgmt 56-199] Attempt to get parsing info during refresh. "On-the-fly" syntax checking information may be incorrect. [C:\Users\osmya\Desktop\RTLSecure\RTLSecure.srcs\sim_1\new\tb_AES.sv:]
WARNING: [filemgmt 56-199] Attempt to get parsing info during refresh. "On-the-fly" syntax checking information may be incorrect. [C:\Users\osmya\Desktop\RTLSecure\RTLSecure.srcs\sim_1\new\tb_AES.sv:]
WARNING: [filemgmt 56-199] Attempt to get parsing info during refresh. "On-the-fly" syntax checking information may be incorrect. [C:\Users\osmya\Desktop\RTLSecure\RTLSecure.srcs\sim_1\new\tb_AES.sv:]
WARNING: [filemgmt 56-199] Attempt to get parsing info during refresh. "On-the-fly" syntax checking information may be incorrect. [C:\Users\osmya\Desktop\RTLSecure\RTLSecure.srcs\sources_1\new\AES.sv:]
WARNING: [filemgmt 56-199] Attempt to get parsing info during refresh. "On-the-fly" syntax checking information may be incorrect. [C:\Users\osmya\Desktop\RTLSecure\RTLSecure.srcs\sim_1\new\tb_AES.sv:]
WARNING: [filemgmt 56-199] Attempt to get parsing info during refresh. "On-the-fly" syntax checking information may be incorrect. [C:\Users\osmya\Desktop\RTLSecure\RTLSecure.srcs\sources_1\new\AES.sv:]
WARNING: [filemgmt 56-199] Attempt to get parsing info during refresh. "On-the-fly" syntax checking information may be incorrect. [C:\Users\osmya\Desktop\RTLSecure\RTLSecure.srcs\sources_1\new\AES.sv:]
ERROR: [Common 17-180] Spawn failed: The operation completed successfully.

WARNING: [filemgmt 56-199] Attempt to get parsing info during refresh. "On-the-fly" syntax checking information may be incorrect. [C:\Users\osmya\Desktop\RTLSecure\RTLSecure.srcs\sources_1\new\AES.sv:]
WARNING: [filemgmt 56-199] Attempt to get parsing info during refresh. "On-the-fly" syntax checking information may be incorrect. [C:\Users\osmya\Desktop\RTLSecure\RTLSecure.srcs\sim_1\new\tb_AES.sv:]
WARNING: [filemgmt 56-199] Attempt to get parsing info during refresh. "On-the-fly" syntax checking information may be incorrect. [C:\Users\osmya\Desktop\RTLSecure\RTLSecure.srcs\sim_1\new\tb_AES.sv:]
WARNING: [filemgmt 56-199] Attempt to get parsing info during refresh. "On-the-fly" syntax checking information may be incorrect. [C:\Users\osmya\Desktop\RTLSecure\RTLSecure.srcs\sim_1\new\tb_AES.sv:]
WARNING: [filemgmt 56-199] Attempt to get parsing info during refresh. "On-the-fly" syntax checking information may be incorrect. [C:\Users\osmya\Desktop\RTLSecure\RTLSecure.srcs\sources_1\new\AES.sv:]
WARNING: [filemgmt 56-199] Attempt to get parsing info during refresh. "On-the-fly" syntax checking information may be incorrect. [C:\Users\osmya\Desktop\RTLSecure\RTLSecure.srcs\sim_1\new\tb_AES.sv:]
WARNING: [filemgmt 56-199] Attempt to get parsing info during refresh. "On-the-fly" syntax checking information may be incorrect. [C:\Users\osmya\Desktop\RTLSecure\RTLSecure.srcs\sim_1\new\tb_AES.sv:]
WARNING: [filemgmt 56-199] Attempt to get parsing info during refresh. "On-the-fly" syntax checking information may be incorrect. [C:\Users\osmya\Desktop\RTLSecure\RTLSecure.srcs\sim_1\new\tb_AES.sv:]
WARNING: [filemgmt 56-199] Attempt to get parsing info during refresh. "On-the-fly" syntax checking information may be incorrect. [C:\Users\osmya\Desktop\RTLSecure\RTLSecure.srcs\sources_1\new\AES.sv:]
WARNING: [filemgmt 56-199] Attempt to get parsing info during refresh. "On-the-fly" syntax checking information may be incorrect. [C:\Users\osmya\Desktop\RTLSecure\RTLSecure.srcs\sim_1\new\tb_AES.sv:]
WARNING: [filemgmt 56-199] Attempt to get parsing info during refresh. "On-the-fly" syntax checking information may be incorrect. [C:\Users\osmya\Desktop\RTLSecure\RTLSecure.srcs\sources_1\new\AES.sv:]
WARNING: [filemgmt 56-199] Attempt to get parsing info during refresh. "On-the-fly" syntax checking information may be incorrect. [C:\Users\osmya\Desktop\RTLSecure\RTLSecure.srcs\sources_1\new\AES.sv:]
launch_simulation
Command: launch_simulation 
INFO: [Vivado 12-25911] Executing simulation for 'XSim' simulator
INFO: [Vivado 12-28535] Process started - Fri May 29 02:55:02 2026

INFO: [Vivado 12-12493] Simulation top is 'tb_AES'
INFO: [Vivado 12-5682] Launching behavioral simulation in 'C:/Users/osmya/Desktop/RTLSecure/RTLSecure.sim/sim_1/behav/xsim'
INFO: [SIM-utils-51] Simulation object is 'sim_1'
INFO: [SIM-utils-72] Using boost library from 'C:/AMDDesignTools/2025.2.1/Vivado/tps/boost_1_72_0'
INFO: [SIM-utils-54] Inspecting design source files for 'tb_AES' in fileset 'sim_1'...
INFO: [USF-XSim-97] Finding global include files...
INFO: [USF-XSim-98] Fetching design files from 'sim_1'...
INFO: [USF-XSim-2] XSim::Compile design
INFO: [USF-XSim-61] Executing 'COMPILE and ANALYZE' step in 'C:/Users/osmya/Desktop/RTLSecure/RTLSecure.sim/sim_1/behav/xsim'
"xvlog --incr --relax -L uvm -prj tb_AES_vlog.prj"
INFO: [VRFC 10-2263] Analyzing SystemVerilog file "C:/Users/osmya/Desktop/RTLSecure/RTLSecure.srcs/sources_1/new/aes_pkg.sv" into library xil_defaultlib
INFO: [VRFC 10-2263] Analyzing SystemVerilog file "C:/Users/osmya/Desktop/RTLSecure/RTLSecure.srcs/sources_1/new/AES.sv" into library xil_defaultlib
INFO: [VRFC 10-311] analyzing module AES
INFO: [VRFC 10-2263] Analyzing SystemVerilog file "C:/Users/osmya/Desktop/RTLSecure/RTLSecure.srcs/sources_1/new/AES_Decrypt.sv" into library xil_defaultlib
INFO: [VRFC 10-311] analyzing module AES_Decrypt
INFO: [VRFC 10-2263] Analyzing SystemVerilog file "C:/Users/osmya/Desktop/RTLSecure/RTLSecure.srcs/sources_1/new/aes_add_round_key.sv" into library xil_defaultlib
INFO: [VRFC 10-311] analyzing module aes_add_round_key
INFO: [VRFC 10-2263] Analyzing SystemVerilog file "C:/Users/osmya/Desktop/RTLSecure/RTLSecure.srcs/sources_1/new/aes_inv_mix_columns.sv" into library xil_defaultlib
INFO: [VRFC 10-311] analyzing module aes_inv_mix_columns
INFO: [VRFC 10-2263] Analyzing SystemVerilog file "C:/Users/osmya/Desktop/RTLSecure/RTLSecure.srcs/sources_1/new/aes_inv_shift_rows.sv" into library xil_defaultlib
INFO: [VRFC 10-311] analyzing module aes_inv_shift_rows
INFO: [VRFC 10-2263] Analyzing SystemVerilog file "C:/Users/osmya/Desktop/RTLSecure/RTLSecure.srcs/sources_1/new/aes_inv_substitute_bytes.sv" into library xil_defaultlib
INFO: [VRFC 10-311] analyzing module aes_inv_substitute_bytes
INFO: [VRFC 10-2263] Analyzing SystemVerilog file "C:/Users/osmya/Desktop/RTLSecure/RTLSecure.srcs/sources_1/new/aes_key_expansion.sv" into library xil_defaultlib
INFO: [VRFC 10-311] analyzing module aes_key_expansion
INFO: [VRFC 10-2263] Analyzing SystemVerilog file "C:/Users/osmya/Desktop/RTLSecure/RTLSecure.srcs/sources_1/new/aes_mix_columns.sv" into library xil_defaultlib
INFO: [VRFC 10-311] analyzing module aes_mix_columns
INFO: [VRFC 10-2263] Analyzing SystemVerilog file "C:/Users/osmya/Desktop/RTLSecure/RTLSecure.srcs/sources_1/new/aes_shift_rows.sv" into library xil_defaultlib
INFO: [VRFC 10-311] analyzing module aes_shift_rows
INFO: [VRFC 10-2263] Analyzing SystemVerilog file "C:/Users/osmya/Desktop/RTLSecure/RTLSecure.srcs/sources_1/new/aes_substitute_bytes.sv" into library xil_defaultlib
INFO: [VRFC 10-311] analyzing module aes_substitute_bytes
INFO: [VRFC 10-2263] Analyzing SystemVerilog file "C:/Users/osmya/Desktop/RTLSecure/RTLSecure.srcs/sources_1/new/sbox_8bit.sv" into library xil_defaultlib
INFO: [VRFC 10-311] analyzing module sbox_8bit
INFO: [VRFC 10-2263] Analyzing SystemVerilog file "C:/Users/osmya/Desktop/RTLSecure/RTLSecure.srcs/sources_1/new/sbox_inv_8bit.sv" into library xil_defaultlib
INFO: [VRFC 10-311] analyzing module sbox_inv_8bit
INFO: [VRFC 10-2263] Analyzing SystemVerilog file "C:/Users/osmya/Desktop/RTLSecure/RTLSecure.srcs/sim_1/new/tb_AES.sv" into library xil_defaultlib
INFO: [VRFC 10-311] analyzing module tb_AES
INFO: [USF-XSim-69] 'compile' step finished in '1' seconds
INFO: [USF-XSim-3] XSim::Elaborate design
INFO: [USF-XSim-61] Executing 'ELABORATE' step in 'C:/Users/osmya/Desktop/RTLSecure/RTLSecure.sim/sim_1/behav/xsim'
"xelab --incr --debug typical --relax --mt 2 -L xil_defaultlib -L uvm -L unisims_ver -L unimacro_ver -L secureip --snapshot tb_AES_behav xil_defaultlib.tb_AES xil_defaultlib.glbl -log elaborate.log"
Vivado Simulator v2025.2.1
Copyright 1986-2022 Xilinx, Inc. All Rights Reserved.
Copyright 2022-2025 Advanced Micro Devices, Inc. All Rights Reserved.
Running: C:/AMDDesignTools/2025.2.1/Vivado/bin/unwrapped/win64.o/xelab.exe --incr --debug typical --relax --mt 2 -L xil_defaultlib -L uvm -L unisims_ver -L unimacro_ver -L secureip --snapshot tb_AES_behav xil_defaultlib.tb_AES xil_defaultlib.glbl -log elaborate.log 
Using 2 slave threads.
Starting static elaboration
Pass Through NonSizing Optimizer
Completed static elaboration
Starting simulation data flow analysis
Completed simulation data flow analysis
Time Resolution for simulation is 1ps
Compiling package xil_defaultlib.aes_pkg
Compiling module xil_defaultlib.aes_key_expansion
Compiling module xil_defaultlib.aes_add_round_key
Compiling module xil_defaultlib.sbox_8bit
Compiling module xil_defaultlib.aes_substitute_bytes_default
Compiling module xil_defaultlib.aes_shift_rows
Compiling module xil_defaultlib.aes_mix_columns
Compiling module xil_defaultlib.AES_default
Compiling module xil_defaultlib.aes_inv_shift_rows
Compiling module xil_defaultlib.sbox_inv_8bit
Compiling module xil_defaultlib.aes_inv_substitute_bytes_default
Compiling module xil_defaultlib.aes_inv_mix_columns
Compiling module xil_defaultlib.AES_Decrypt_default
Compiling module xil_defaultlib.tb_AES
Compiling module xil_defaultlib.glbl
Built simulation snapshot tb_AES_behav
INFO: [USF-XSim-69] 'elaborate' step finished in '4' seconds
INFO: [USF-XSim-4] XSim::Simulate design
INFO: [USF-XSim-61] Executing 'SIMULATE' step in 'C:/Users/osmya/Desktop/RTLSecure/RTLSecure.sim/sim_1/behav/xsim'
INFO: [USF-XSim-98] *** Running xsim
   with args "tb_AES_behav -key {Behavioral:sim_1:Functional:tb_AES} -tclbatch {tb_AES.tcl} -log {simulate.log}"
INFO: [USF-XSim-8] Loading simulator feature
Time resolution is 1 ps
source tb_AES.tcl
# set curr_wave [current_wave_config]
# if { [string length $curr_wave] == 0 } {
#   if { [llength [get_objects]] > 0} {
#     add_wave /
#     set_property needs_save false [current_wave_config]
#   } else {
#      send_msg_id Add_Wave-1 WARNING "No top level signals found. Simulator will start without a wave window. If you want to open a wave window go to 'File->New Waveform Configuration' or type 'create_wave_config' in the TCL console."
#   }
# }
# run 1000ns
----------------------------------------
Stopped at time : 835 ns : File "C:/Users/osmya/Desktop/RTLSecure/RTLSecure.srcs/sim_1/new/tb_AES.sv" Line 101
INFO: [USF-XSim-96] XSim completed. Design snapshot 'tb_AES_behav' loaded.
INFO: [USF-XSim-97] XSim simulation ran for 1000ns
launch_simulation: Time (s): cpu = 00:00:03 ; elapsed = 00:00:08 . Memory (MB): peak = 1728.285 ; gain = 35.551
run 10 ms
Expected Output: 3243f6a8885a308d313198a2e0370734
Stopped at time : 835 ns : File "C:/Users/osmya/Desktop/RTLSecure/RTLSecure.srcs/sim_1/new/tb_AES.sv" Line 102
run 10 ms
Actual Output  : 3243f6a8885a308d313198a2e0370734
STATUS: Decryption SUCCESS
----------------------------------------
$finish called at time : 935 ns : File "C:/Users/osmya/Desktop/RTLSecure/RTLSecure.srcs/sim_1/new/tb_AES.sv" Line 113
run 10 ms
close_sim
INFO: [Simtcl 6-16] Simulation closed
set_property top tb_AES_stream [get_filesets sim_1]
set_property top_lib xil_defaultlib [get_filesets sim_1]
WARNING: [filemgmt 56-199] Attempt to get parsing info during refresh. "On-the-fly" syntax checking information may be incorrect. [C:\Users\osmya\Desktop\RTLSecure\RTLSecure.srcs\sources_1\new\AES.sv:]
WARNING: [filemgmt 56-199] Attempt to get parsing info during refresh. "On-the-fly" syntax checking information may be incorrect. [C:\Users\osmya\Desktop\RTLSecure\RTLSecure.srcs\sim_1\new\tb_AES.sv:]
WARNING: [filemgmt 56-199] Attempt to get parsing info during refresh. "On-the-fly" syntax checking information may be incorrect. [C:\Users\osmya\Desktop\RTLSecure\RTLSecure.srcs\sources_1\new\AES.sv:]
WARNING: [filemgmt 56-199] Attempt to get parsing info during refresh. "On-the-fly" syntax checking information may be incorrect. [C:\Users\osmya\Desktop\RTLSecure\RTLSecure.srcs\sources_1\new\AES.sv:]
update_compile_order -fileset sim_1
WARNING: [filemgmt 56-199] Attempt to get parsing info during refresh. "On-the-fly" syntax checking information may be incorrect. [C:\Users\osmya\Desktop\RTLSecure\RTLSecure.srcs\sources_1\new\AES.sv:]
WARNING: [filemgmt 56-199] Attempt to get parsing info during refresh. "On-the-fly" syntax checking information may be incorrect. [C:\Users\osmya\Desktop\RTLSecure\RTLSecure.srcs\sim_1\new\tb_AES.sv:]
WARNING: [filemgmt 56-199] Attempt to get parsing info during refresh. "On-the-fly" syntax checking information may be incorrect. [C:\Users\osmya\Desktop\RTLSecure\RTLSecure.srcs\sources_1\new\AES.sv:]
WARNING: [filemgmt 56-199] Attempt to get parsing info during refresh. "On-the-fly" syntax checking information may be incorrect. [C:\Users\osmya\Desktop\RTLSecure\RTLSecure.srcs\sources_1\new\AES.sv:]
ERROR: [Common 17-180] Spawn failed: The operation completed successfully.

launch_simulation
Command: launch_simulation 
INFO: [Vivado 12-25911] Executing simulation for 'XSim' simulator
INFO: [Vivado 12-28535] Process started - Fri May 29 02:55:39 2026

INFO: [Vivado 12-12493] Simulation top is 'tb_AES_stream'
INFO: [Vivado 12-5682] Launching behavioral simulation in 'C:/Users/osmya/Desktop/RTLSecure/RTLSecure.sim/sim_1/behav/xsim'
INFO: [SIM-utils-51] Simulation object is 'sim_1'
INFO: [SIM-utils-72] Using boost library from 'C:/AMDDesignTools/2025.2.1/Vivado/tps/boost_1_72_0'
INFO: [SIM-utils-54] Inspecting design source files for 'tb_AES_stream' in fileset 'sim_1'...
INFO: [USF-XSim-97] Finding global include files...
INFO: [USF-XSim-98] Fetching design files from 'sim_1'...
INFO: [USF-XSim-2] XSim::Compile design
INFO: [USF-XSim-61] Executing 'COMPILE and ANALYZE' step in 'C:/Users/osmya/Desktop/RTLSecure/RTLSecure.sim/sim_1/behav/xsim'
"xvlog --incr --relax -L uvm -prj tb_AES_stream_vlog.prj"
INFO: [VRFC 10-2263] Analyzing SystemVerilog file "C:/Users/osmya/Desktop/RTLSecure/RTLSecure.srcs/sources_1/new/aes_key_expansion.sv" into library xil_defaultlib
INFO: [VRFC 10-311] analyzing module aes_key_expansion
INFO: [USF-XSim-69] 'compile' step finished in '1' seconds
INFO: [USF-XSim-3] XSim::Elaborate design
INFO: [USF-XSim-61] Executing 'ELABORATE' step in 'C:/Users/osmya/Desktop/RTLSecure/RTLSecure.sim/sim_1/behav/xsim'
"xelab --incr --debug typical --relax --mt 2 -L xil_defaultlib -L uvm -L unisims_ver -L unimacro_ver -L secureip --snapshot tb_AES_stream_behav xil_defaultlib.tb_AES_stream xil_defaultlib.glbl -log elaborate.log"
Vivado Simulator v2025.2.1
Copyright 1986-2022 Xilinx, Inc. All Rights Reserved.
Copyright 2022-2025 Advanced Micro Devices, Inc. All Rights Reserved.
Running: C:/AMDDesignTools/2025.2.1/Vivado/bin/unwrapped/win64.o/xelab.exe --incr --debug typical --relax --mt 2 -L xil_defaultlib -L uvm -L unisims_ver -L unimacro_ver -L secureip --snapshot tb_AES_stream_behav xil_defaultlib.tb_AES_stream xil_defaultlib.glbl -log elaborate.log 
Using 2 slave threads.
Starting static elaboration
Pass Through NonSizing Optimizer
Completed static elaboration
Starting simulation data flow analysis
Completed simulation data flow analysis
Time Resolution for simulation is 1ps
Compiling package xil_defaultlib.aes_pkg
Compiling module xil_defaultlib.aes_key_expansion
Compiling module xil_defaultlib.aes_add_round_key
Compiling module xil_defaultlib.sbox_8bit
Compiling module xil_defaultlib.aes_substitute_bytes_default
Compiling module xil_defaultlib.aes_shift_rows
Compiling module xil_defaultlib.aes_mix_columns
Compiling module xil_defaultlib.AES_default
Compiling module xil_defaultlib.aes_inv_shift_rows
Compiling module xil_defaultlib.sbox_inv_8bit
Compiling module xil_defaultlib.aes_inv_substitute_bytes_default
Compiling module xil_defaultlib.aes_inv_mix_columns
Compiling module xil_defaultlib.AES_Decrypt_default
Compiling module xil_defaultlib.tb_AES_stream
Compiling module xil_defaultlib.glbl
Built simulation snapshot tb_AES_stream_behav
INFO: [USF-XSim-69] 'elaborate' step finished in '1' seconds
INFO: [USF-XSim-4] XSim::Simulate design
INFO: [USF-XSim-61] Executing 'SIMULATE' step in 'C:/Users/osmya/Desktop/RTLSecure/RTLSecure.sim/sim_1/behav/xsim'
INFO: [USF-XSim-98] *** Running xsim
   with args "tb_AES_stream_behav -key {Behavioral:sim_1:Functional:tb_AES_stream} -tclbatch {tb_AES_stream.tcl} -log {simulate.log}"
INFO: [USF-XSim-8] Loading simulator feature
Time resolution is 1 ps
source tb_AES_stream.tcl
# set curr_wave [current_wave_config]
# if { [string length $curr_wave] == 0 } {
#   if { [llength [get_objects]] > 0} {
#     add_wave /
#     set_property needs_save false [current_wave_config]
#   } else {
#      send_msg_id Add_Wave-1 WARNING "No top level signals found. Simulator will start without a wave window. If you want to open a wave window go to 'File->New Waveform Configuration' or type 'create_wave_config' in the TCL console."
#   }
# }
# run 1000ns
Starting stream of 1000 transactions...
INFO: [USF-XSim-96] XSim completed. Design snapshot 'tb_AES_stream_behav' loaded.
INFO: [USF-XSim-97] XSim simulation ran for 1000ns
launch_simulation: Time (s): cpu = 00:00:03 ; elapsed = 00:00:06 . Memory (MB): peak = 1728.285 ; gain = 0.000
WARNING: [filemgmt 56-199] Attempt to get parsing info during refresh. "On-the-fly" syntax checking information may be incorrect. [C:\Users\osmya\Desktop\RTLSecure\RTLSecure.srcs\sources_1\new\AES.sv:]
WARNING: [filemgmt 56-199] Attempt to get parsing info during refresh. "On-the-fly" syntax checking information may be incorrect. [C:\Users\osmya\Desktop\RTLSecure\RTLSecure.srcs\sim_1\new\tb_AES.sv:]
WARNING: [filemgmt 56-199] Attempt to get parsing info during refresh. "On-the-fly" syntax checking information may be incorrect. [C:\Users\osmya\Desktop\RTLSecure\RTLSecure.srcs\sources_1\new\AES.sv:]
WARNING: [filemgmt 56-199] Attempt to get parsing info during refresh. "On-the-fly" syntax checking information may be incorrect. [C:\Users\osmya\Desktop\RTLSecure\RTLSecure.srcs\sources_1\new\AES.sv:]
run 10 ms

========================================
        STREAM TEST COMPLETE            
========================================
Total Transactions : 1000
Successful Matches : 1000
Errors             : 0
STATUS             : PASS
========================================

$finish called at time : 10865 ns : File "C:/Users/osmya/Desktop/RTLSecure/RTLSecure.srcs/sim_1/new/tb_AES_stream.sv" Line 155
run 10 ms
FATAL: Simulation timed out. Pipeline may be stalled.
$finish called at time : 11 us : File "C:/Users/osmya/Desktop/RTLSecure/RTLSecure.srcs/sim_1/new/tb_AES_stream.sv" Line 165
close_sim
INFO: [Simtcl 6-16] Simulation closed
WARNING: [filemgmt 56-199] Attempt to get parsing info during refresh. "On-the-fly" syntax checking information may be incorrect. [C:\Users\osmya\Desktop\RTLSecure\RTLSecure.srcs\sim_1\new\tb_AES_stream.sv:]
WARNING: [filemgmt 56-199] Attempt to get parsing info during refresh. "On-the-fly" syntax checking information may be incorrect. [C:\Users\osmya\Desktop\RTLSecure\RTLSecure.srcs\sources_1\new\AES.sv:]
WARNING: [filemgmt 56-199] Attempt to get parsing info during refresh. "On-the-fly" syntax checking information may be incorrect. [C:\Users\osmya\Desktop\RTLSecure\RTLSecure.srcs\sim_1\new\tb_AES.sv:]
WARNING: [filemgmt 56-199] Attempt to get parsing info during refresh. "On-the-fly" syntax checking information may be incorrect. [C:\Users\osmya\Desktop\RTLSecure\RTLSecure.srcs\sim_1\new\tb_AES.sv:]
WARNING: [filemgmt 56-199] Attempt to get parsing info during refresh. "On-the-fly" syntax checking information may be incorrect. [C:\Users\osmya\Desktop\RTLSecure\RTLSecure.srcs\sim_1\new\tb_AES.sv:]
WARNING: [filemgmt 56-199] Attempt to get parsing info during refresh. "On-the-fly" syntax checking information may be incorrect. [C:\Users\osmya\Desktop\RTLSecure\RTLSecure.srcs\sim_1\new\tb_AES_stream.sv:]
WARNING: [filemgmt 56-199] Attempt to get parsing info during refresh. "On-the-fly" syntax checking information may be incorrect. [C:\Users\osmya\Desktop\RTLSecure\RTLSecure.srcs\sources_1\new\AES.sv:]
WARNING: [filemgmt 56-199] Attempt to get parsing info during refresh. "On-the-fly" syntax checking information may be incorrect. [C:\Users\osmya\Desktop\RTLSecure\RTLSecure.srcs\sim_1\new\tb_AES.sv:]
WARNING: [filemgmt 56-199] Attempt to get parsing info during refresh. "On-the-fly" syntax checking information may be incorrect. [C:\Users\osmya\Desktop\RTLSecure\RTLSecure.srcs\sources_1\new\AES.sv:]
WARNING: [filemgmt 56-199] Attempt to get parsing info during refresh. "On-the-fly" syntax checking information may be incorrect. [C:\Users\osmya\Desktop\RTLSecure\RTLSecure.srcs\sources_1\new\AES.sv:]
exit
INFO: [Common 17-206] Exiting Vivado at Fri May 29 02:58:25 2026...
