Vivado Simulator v2025.2.1
Copyright 1986-2022 Xilinx, Inc. All Rights Reserved.
Copyright 2022-2025 Advanced Micro Devices, Inc. All Rights Reserved.
Running: C:/AMDDesignTools/2025.2.1/Vivado/bin/unwrapped/win64.o/xelab.exe -debug typical tb_AES_stream -s tb_AES_stream_snapshot 
Multi-threading is on. Using 14 slave threads.
Starting static elaboration
Pass Through NonSizing Optimizer
Completed static elaboration
Starting simulation data flow analysis
Completed simulation data flow analysis
Time Resolution for simulation is 1ps
Compiling package work.aes_pkg
Compiling module work.key_expansion
Compiling module work.aes_add_round_key
Compiling module work.sbox_8bit
Compiling module work.aes_substitute_bytes_default
Compiling module work.aes_shift_rows
Compiling module work.aes_mix_columns
Compiling module work.AES_default
Compiling module work.aes_inv_shift_rows
Compiling module work.sbox_inv_8bit
Compiling module work.aes_inv_substitute_bytes_default
Compiling module work.aes_inv_mix_columns
Compiling module work.AES_Decrypt_default
Compiling module work.tb_AES_stream
Built simulation snapshot tb_AES_stream_snapshot
