#-----------------------------------------------------------
# xsim v2025.2.1 (64-bit)
# SW Build 6403652 on Thu Mar 19 19:48:24 GMT 2026
# IP Build 6403511 on Thu Mar 19 12:41:45 MDT 2026
# SharedData Build 6403650 on Thu Mar 19 14:02:13 MDT 2026
# Start of session at: Fri Jul 24 16:55:14 2026
# Process ID         : 12508
# Current directory  : C:/Users/osmya/Desktop/RTLSecure
# Command line       : xsim.exe -mode tcl -source {xsim.dir/tb_AES_snapshot/xsim_script.tcl}
# Log file           : C:/Users/osmya/Desktop/RTLSecure/xsim.log
# Journal file       : C:/Users/osmya/Desktop/RTLSecure\xsim.jou
# Running On         : rt7-laptop-duo
# Platform           : Windows Server 2016 or Windows 10
# Operating System   : 26200
# Processor Detail   : Intel(R) Core(TM) Ultra 7 255H
# CPU Frequency      : 3686 MHz
# CPU Physical cores : 16
# CPU Logical cores  : 16
# Host memory        : 33685 MB
# Swap memory        : 4831 MB
# Total Virtual      : 38517 MB
# Available Virtual  : 15274 MB
#-----------------------------------------------------------
source xsim.dir/tb_AES_snapshot/xsim_script.tcl
# xsim {tb_AES_snapshot} -autoloadwcfg -runall
Time resolution is 1 ps
run -all
----------------------------------------
NIST Encryption Standard Check:
Expected Ciphertext: 3925841d02dc09fbdc118597196a0b32
Actual Ciphertext  : 33a15e77a6b5e7d7d6de8e2815e34309
STATUS: Encryption NIST Check FAILED
----------------------------------------
Decryption Check:
Expected Plaintext : 3243f6a8885a308d313198a2e0370734
Actual Plaintext   : 3243f6a8885a308d313198a2e0370734
STATUS: Decryption SUCCESS
----------------------------------------
$finish called at time : 935 ns : File "c:/Users/osmya/Desktop/RTLSecure/RTLSecure.srcs/sim_1/new/tb_AES.sv" Line 124
exit
INFO: [Common 17-206] Exiting xsim at Fri Jul 24 16:55:19 2026...
