INFO: [VRFC 10-2263] Analyzing SystemVerilog file "c:/Users/osmya/Desktop/RTLSecure/RTLSecure.srcs/sources_1/new/aes_pkg.sv" into library work
INFO: [VRFC 10-2263] Analyzing SystemVerilog file "c:/Users/osmya/Desktop/RTLSecure/RTLSecure.srcs/sources_1/new/sbox_8bit.sv" into library work
INFO: [VRFC 10-311] analyzing module sbox_8bit
INFO: [VRFC 10-2263] Analyzing SystemVerilog file "c:/Users/osmya/Desktop/RTLSecure/RTLSecure.srcs/sources_1/new/sbox_inv_8bit.sv" into library work
INFO: [VRFC 10-311] analyzing module sbox_inv_8bit
INFO: [VRFC 10-2263] Analyzing SystemVerilog file "c:/Users/osmya/Desktop/RTLSecure/RTLSecure.srcs/sources_1/new/key_expansion.sv" into library work
INFO: [VRFC 10-311] analyzing module key_expansion
INFO: [VRFC 10-2263] Analyzing SystemVerilog file "c:/Users/osmya/Desktop/RTLSecure/RTLSecure.srcs/sources_1/new/aes_substitute_bytes.sv" into library work
INFO: [VRFC 10-311] analyzing module aes_substitute_bytes
INFO: [VRFC 10-2263] Analyzing SystemVerilog file "c:/Users/osmya/Desktop/RTLSecure/RTLSecure.srcs/sources_1/new/aes_inv_substitute_bytes.sv" into library work
INFO: [VRFC 10-311] analyzing module aes_inv_substitute_bytes
INFO: [VRFC 10-2263] Analyzing SystemVerilog file "c:/Users/osmya/Desktop/RTLSecure/RTLSecure.srcs/sources_1/new/aes_shift_rows.sv" into library work
INFO: [VRFC 10-311] analyzing module aes_shift_rows
INFO: [VRFC 10-2263] Analyzing SystemVerilog file "c:/Users/osmya/Desktop/RTLSecure/RTLSecure.srcs/sources_1/new/aes_inv_shift_rows.sv" into library work
INFO: [VRFC 10-311] analyzing module aes_inv_shift_rows
INFO: [VRFC 10-2263] Analyzing SystemVerilog file "c:/Users/osmya/Desktop/RTLSecure/RTLSecure.srcs/sources_1/new/aes_mix_columns.sv" into library work
INFO: [VRFC 10-311] analyzing module aes_mix_columns
INFO: [VRFC 10-2263] Analyzing SystemVerilog file "c:/Users/osmya/Desktop/RTLSecure/RTLSecure.srcs/sources_1/new/aes_inv_mix_columns.sv" into library work
INFO: [VRFC 10-311] analyzing module aes_inv_mix_columns
INFO: [VRFC 10-2263] Analyzing SystemVerilog file "c:/Users/osmya/Desktop/RTLSecure/RTLSecure.srcs/sources_1/new/aes_add_round_key.sv" into library work
INFO: [VRFC 10-311] analyzing module aes_add_round_key
INFO: [VRFC 10-2263] Analyzing SystemVerilog file "c:/Users/osmya/Desktop/RTLSecure/RTLSecure.srcs/sources_1/new/AES.sv" into library work
INFO: [VRFC 10-311] analyzing module AES
INFO: [VRFC 10-2263] Analyzing SystemVerilog file "c:/Users/osmya/Desktop/RTLSecure/RTLSecure.srcs/sources_1/new/AES_Decrypt.sv" into library work
INFO: [VRFC 10-311] analyzing module AES_Decrypt
INFO: [VRFC 10-2263] Analyzing SystemVerilog file "c:/Users/osmya/Desktop/RTLSecure/RTLSecure.srcs/sim_1/new/tb_AES_stream.sv" into library work
INFO: [VRFC 10-311] analyzing module tb_AES_stream
