
*** Running vivado
    with args -log AES.vds -m64 -product Vivado -mode batch -messageDb vivado.pb -notrace -source AES.tcl



****** Vivado v2025.2.1 (64-bit)
  **** SW Build 6403652 on Thu Mar 19 19:48:24 GMT 2026
  **** IP Build 6403511 on Thu Mar 19 12:41:45 MDT 2026
  **** SharedData Build 6403650 on Thu Mar 19 14:02:13 MDT 2026
  **** Start of session at: Thu May 28 21:26:27 2026
    ** Copyright 1986-2022 Xilinx, Inc. All Rights Reserved.
    ** Copyright 2022-2026 Advanced Micro Devices, Inc. All Rights Reserved.

source AES.tcl -notrace
Command: read_checkpoint -auto_incremental -incremental C:/Users/osmya/Desktop/RTLSecure/RTLSecure.srcs/utils_1/imports/synth_1/AES.dcp
INFO: [Vivado 12-5825] Read reference checkpoint from C:/Users/osmya/Desktop/RTLSecure/RTLSecure.srcs/utils_1/imports/synth_1/AES.dcp for incremental synthesis
INFO: [Vivado 12-7989] Please ensure there are no constraint changes
Command: synth_design -top AES -part xc7a100tcsg324-1
Starting synth_design
Attempting to get a license for feature 'Synthesis' and/or device 'xc7a100t'
INFO: [Common 17-349] Got license for feature 'Synthesis' and/or device 'xc7a100t'
INFO: [Device 21-403] Loading part xc7a100tcsg324-1
INFO: [Designutils 20-5440] No compile time benefit to using incremental synthesis; A full resynthesis will be run
INFO: [Designutils 20-4379] Flow is switching to default flow due to incremental criteria not met. If you would like to alter this behaviour and have the flow terminate instead, please set the following parameter config_implementation {autoIncr.Synth.RejectBehavior Terminate}
INFO: [Synth 8-7079] Multithreading enabled for synth_design using a maximum of 2 processes.
INFO: [Synth 8-7078] Launching helper process for spawning children vivado processes
INFO: [Synth 8-7075] Helper process launched with PID 31908
---------------------------------------------------------------------------------
Starting RTL Elaboration : Time (s): cpu = 00:00:04 ; elapsed = 00:00:04 . Memory (MB): peak = 1291.922 ; gain = 542.641
---------------------------------------------------------------------------------
INFO: [Synth 8-6157] synthesizing module 'AES' [C:/Users/osmya/Desktop/RTLSecure/RTLSecure.srcs/sources_1/new/AES.sv:23]
INFO: [Synth 8-6157] synthesizing module 'aes_substitute_bytes' [C:/Users/osmya/Desktop/RTLSecure/RTLSecure.srcs/sources_1/new/aes_substitute_bytes.sv:22]
INFO: [Synth 8-6157] synthesizing module 'sbox_8bit' [C:/Users/osmya/Desktop/RTLSecure/RTLSecure.srcs/sources_1/new/sbox_8bit.sv:23]
INFO: [Synth 8-226] default block is never used [C:/Users/osmya/Desktop/RTLSecure/RTLSecure.srcs/sources_1/new/sbox_8bit.sv:29]
INFO: [Synth 8-6155] done synthesizing module 'sbox_8bit' (0#1) [C:/Users/osmya/Desktop/RTLSecure/RTLSecure.srcs/sources_1/new/sbox_8bit.sv:23]
INFO: [Synth 8-6155] done synthesizing module 'aes_substitute_bytes' (0#1) [C:/Users/osmya/Desktop/RTLSecure/RTLSecure.srcs/sources_1/new/aes_substitute_bytes.sv:22]
INFO: [Synth 8-6157] synthesizing module 'aes_shift_rows' [C:/Users/osmya/Desktop/RTLSecure/RTLSecure.srcs/sources_1/new/aes_shift_rows.sv:23]
INFO: [Synth 8-6155] done synthesizing module 'aes_shift_rows' (0#1) [C:/Users/osmya/Desktop/RTLSecure/RTLSecure.srcs/sources_1/new/aes_shift_rows.sv:23]
INFO: [Synth 8-6157] synthesizing module 'aes_mix_columns' [C:/Users/osmya/Desktop/RTLSecure/RTLSecure.srcs/sources_1/new/aes_mix_columns.sv:23]
INFO: [Synth 8-6155] done synthesizing module 'aes_mix_columns' (0#1) [C:/Users/osmya/Desktop/RTLSecure/RTLSecure.srcs/sources_1/new/aes_mix_columns.sv:23]
INFO: [Synth 8-6157] synthesizing module 'aes_add_round_key' [C:/Users/osmya/Desktop/RTLSecure/RTLSecure.srcs/sources_1/new/aes_add_round_key.sv:23]
INFO: [Synth 8-6155] done synthesizing module 'aes_add_round_key' (0#1) [C:/Users/osmya/Desktop/RTLSecure/RTLSecure.srcs/sources_1/new/aes_add_round_key.sv:23]
INFO: [Synth 8-6155] done synthesizing module 'AES' (0#1) [C:/Users/osmya/Desktop/RTLSecure/RTLSecure.srcs/sources_1/new/AES.sv:23]
---------------------------------------------------------------------------------
Finished RTL Elaboration : Time (s): cpu = 00:00:05 ; elapsed = 00:00:05 . Memory (MB): peak = 1414.027 ; gain = 664.746
---------------------------------------------------------------------------------
---------------------------------------------------------------------------------
Start Handling Custom Attributes
---------------------------------------------------------------------------------
---------------------------------------------------------------------------------
Finished Handling Custom Attributes : Time (s): cpu = 00:00:05 ; elapsed = 00:00:05 . Memory (MB): peak = 1414.027 ; gain = 664.746
---------------------------------------------------------------------------------
---------------------------------------------------------------------------------
Finished RTL Optimization Phase 1 : Time (s): cpu = 00:00:05 ; elapsed = 00:00:05 . Memory (MB): peak = 1414.027 ; gain = 664.746
---------------------------------------------------------------------------------
Netlist sorting complete. Time (s): cpu = 00:00:00 ; elapsed = 00:00:00.009 . Memory (MB): peak = 1414.027 ; gain = 0.000
INFO: [Project 1-570] Preparing netlist for logic optimization

Processing XDC Constraints
Initializing timing engine
Parsing XDC File [C:/Users/osmya/Desktop/RTLSecure/RTLSecure.srcs/constrs_1/new/constraints.xdc]
Finished Parsing XDC File [C:/Users/osmya/Desktop/RTLSecure/RTLSecure.srcs/constrs_1/new/constraints.xdc]
INFO: [Project 1-236] Implementation specific constraints were found while reading constraint file [C:/Users/osmya/Desktop/RTLSecure/RTLSecure.srcs/constrs_1/new/constraints.xdc]. These constraints will be ignored for synthesis but will be used in implementation. Impacted constraints are listed in the file [.Xil/AES_propImpl.xdc].
Resolution: To avoid this warning, move constraints listed in [.Xil/AES_propImpl.xdc] to another XDC file and exclude this new file from synthesis with the used_in_synthesis property (File Properties dialog in GUI) and re-run elaboration/synthesis.
Completed Processing XDC Constraints

Netlist sorting complete. Time (s): cpu = 00:00:00 ; elapsed = 00:00:00.001 . Memory (MB): peak = 1489.121 ; gain = 0.000
INFO: [Project 1-111] Unisim Transformation Summary:
No Unisim elements were transformed.

Constraint Validation Runtime : Time (s): cpu = 00:00:00 ; elapsed = 00:00:00.007 . Memory (MB): peak = 1489.121 ; gain = 0.000
INFO: [Designutils 20-5440] No compile time benefit to using incremental synthesis; A full resynthesis will be run
INFO: [Designutils 20-4379] Flow is switching to default flow due to incremental criteria not met. If you would like to alter this behaviour and have the flow terminate instead, please set the following parameter config_implementation {autoIncr.Synth.RejectBehavior Terminate}
---------------------------------------------------------------------------------
Finished Constraint Validation : Time (s): cpu = 00:00:10 ; elapsed = 00:00:10 . Memory (MB): peak = 1489.121 ; gain = 739.840
---------------------------------------------------------------------------------
---------------------------------------------------------------------------------
Start Loading Part and Timing Information
---------------------------------------------------------------------------------
Loading part: xc7a100tcsg324-1
---------------------------------------------------------------------------------
Finished Loading Part and Timing Information : Time (s): cpu = 00:00:10 ; elapsed = 00:00:10 . Memory (MB): peak = 1489.121 ; gain = 739.840
---------------------------------------------------------------------------------
---------------------------------------------------------------------------------
Start Applying 'set_property' XDC Constraints
---------------------------------------------------------------------------------
---------------------------------------------------------------------------------
Finished applying 'set_property' XDC Constraints : Time (s): cpu = 00:00:10 ; elapsed = 00:00:10 . Memory (MB): peak = 1489.121 ; gain = 739.840
---------------------------------------------------------------------------------
---------------------------------------------------------------------------------
Finished RTL Optimization Phase 2 : Time (s): cpu = 00:00:11 ; elapsed = 00:00:11 . Memory (MB): peak = 1489.121 ; gain = 739.840
---------------------------------------------------------------------------------
---------------------------------------------------------------------------------
Start RTL Component Statistics 
---------------------------------------------------------------------------------
Detailed RTL Component Info : 
+---XORs : 
	   2 Input      8 Bit         XORs := 16    
+---Registers : 
	                8 Bit    Registers := 64    
	                1 Bit    Registers := 4     
---------------------------------------------------------------------------------
Finished RTL Component Statistics 
---------------------------------------------------------------------------------
---------------------------------------------------------------------------------
Start Part Resource Summary
---------------------------------------------------------------------------------
Part Resources:
DSPs: 240 (col length:80)
BRAMs: 270 (col length: RAMB18 80 RAMB36 40)
---------------------------------------------------------------------------------
Finished Part Resource Summary
---------------------------------------------------------------------------------
---------------------------------------------------------------------------------
Start Cross Boundary and Area Optimization
---------------------------------------------------------------------------------
---------------------------------------------------------------------------------
Finished Cross Boundary and Area Optimization : Time (s): cpu = 00:00:12 ; elapsed = 00:00:12 . Memory (MB): peak = 1489.121 ; gain = 739.840
---------------------------------------------------------------------------------
---------------------------------------------------------------------------------
Start ROM, RAM, DSP, Shift Register and Retiming Reporting
---------------------------------------------------------------------------------

ROM: Preliminary Mapping Report
+------------+--------------------------------+---------------+----------------+
|Module Name | RTL Object                     | Depth x Width | Implemented As | 
+------------+--------------------------------+---------------+----------------+
|sbox_8bit   | out_byte                       | 256x8         | LUT            | 
|AES         | u_subbytes/state_out_reg[3][2] | 256x8         | Block RAM      | 
|AES         | u_subbytes/state_out_reg[3][1] | 256x8         | Block RAM      | 
|AES         | u_subbytes/state_out_reg[3][0] | 256x8         | Block RAM      | 
|AES         | u_subbytes/state_out_reg[3][3] | 256x8         | Block RAM      | 
|AES         | u_subbytes/state_out_reg[2][1] | 256x8         | Block RAM      | 
|AES         | u_subbytes/state_out_reg[2][0] | 256x8         | Block RAM      | 
|AES         | u_subbytes/state_out_reg[2][3] | 256x8         | Block RAM      | 
|AES         | u_subbytes/state_out_reg[2][2] | 256x8         | Block RAM      | 
|AES         | u_subbytes/state_out_reg[1][0] | 256x8         | Block RAM      | 
|AES         | u_subbytes/state_out_reg[1][3] | 256x8         | Block RAM      | 
|AES         | u_subbytes/state_out_reg[1][2] | 256x8         | Block RAM      | 
|AES         | u_subbytes/state_out_reg[1][1] | 256x8         | Block RAM      | 
|AES         | u_subbytes/state_out_reg[0][3] | 256x8         | Block RAM      | 
|AES         | u_subbytes/state_out_reg[0][2] | 256x8         | Block RAM      | 
|AES         | u_subbytes/state_out_reg[0][1] | 256x8         | Block RAM      | 
|AES         | u_subbytes/state_out_reg[0][0] | 256x8         | Block RAM      | 
+------------+--------------------------------+---------------+----------------+

---------------------------------------------------------------------------------
Finished ROM, RAM, DSP, Shift Register and Retiming Reporting
---------------------------------------------------------------------------------
---------------------------------------------------------------------------------
Start Applying XDC Timing Constraints
---------------------------------------------------------------------------------
---------------------------------------------------------------------------------
Finished Applying XDC Timing Constraints : Time (s): cpu = 00:00:15 ; elapsed = 00:00:16 . Memory (MB): peak = 1601.609 ; gain = 852.328
---------------------------------------------------------------------------------
---------------------------------------------------------------------------------
Start Timing Optimization
---------------------------------------------------------------------------------
---------------------------------------------------------------------------------
Finished Timing Optimization : Time (s): cpu = 00:00:15 ; elapsed = 00:00:16 . Memory (MB): peak = 1604.016 ; gain = 854.734
---------------------------------------------------------------------------------
---------------------------------------------------------------------------------
Start Technology Mapping
---------------------------------------------------------------------------------
---------------------------------------------------------------------------------
Finished Technology Mapping : Time (s): cpu = 00:00:16 ; elapsed = 00:00:16 . Memory (MB): peak = 1614.363 ; gain = 865.082
---------------------------------------------------------------------------------
---------------------------------------------------------------------------------
Start IO Insertion
---------------------------------------------------------------------------------
---------------------------------------------------------------------------------
Start Flattening Before IO Insertion
---------------------------------------------------------------------------------
---------------------------------------------------------------------------------
Finished Flattening Before IO Insertion
---------------------------------------------------------------------------------
---------------------------------------------------------------------------------
Start Final Netlist Cleanup
---------------------------------------------------------------------------------
---------------------------------------------------------------------------------
Finished Final Netlist Cleanup
---------------------------------------------------------------------------------
---------------------------------------------------------------------------------
Finished IO Insertion : Time (s): cpu = 00:00:18 ; elapsed = 00:00:18 . Memory (MB): peak = 1860.176 ; gain = 1110.895
---------------------------------------------------------------------------------
---------------------------------------------------------------------------------
Start Renaming Generated Instances
---------------------------------------------------------------------------------
---------------------------------------------------------------------------------
Finished Renaming Generated Instances : Time (s): cpu = 00:00:18 ; elapsed = 00:00:18 . Memory (MB): peak = 1860.176 ; gain = 1110.895
---------------------------------------------------------------------------------
---------------------------------------------------------------------------------
Start Rebuilding User Hierarchy
---------------------------------------------------------------------------------
---------------------------------------------------------------------------------
Finished Rebuilding User Hierarchy : Time (s): cpu = 00:00:18 ; elapsed = 00:00:18 . Memory (MB): peak = 1860.176 ; gain = 1110.895
---------------------------------------------------------------------------------
---------------------------------------------------------------------------------
Start Renaming Generated Ports
---------------------------------------------------------------------------------
---------------------------------------------------------------------------------
Finished Renaming Generated Ports : Time (s): cpu = 00:00:18 ; elapsed = 00:00:18 . Memory (MB): peak = 1860.176 ; gain = 1110.895
---------------------------------------------------------------------------------
---------------------------------------------------------------------------------
Start Handling Custom Attributes
---------------------------------------------------------------------------------
---------------------------------------------------------------------------------
Finished Handling Custom Attributes : Time (s): cpu = 00:00:18 ; elapsed = 00:00:18 . Memory (MB): peak = 1861.184 ; gain = 1111.902
---------------------------------------------------------------------------------
---------------------------------------------------------------------------------
Start Renaming Generated Nets
---------------------------------------------------------------------------------
---------------------------------------------------------------------------------
Finished Renaming Generated Nets : Time (s): cpu = 00:00:18 ; elapsed = 00:00:18 . Memory (MB): peak = 1861.184 ; gain = 1111.902
---------------------------------------------------------------------------------
---------------------------------------------------------------------------------
Start Writing Synthesis Report
---------------------------------------------------------------------------------

Report BlackBoxes: 
+-+--------------+----------+
| |BlackBox name |Instances |
+-+--------------+----------+
+-+--------------+----------+

Report Cell Usage: 
+------+---------+------+
|      |Cell     |Count |
+------+---------+------+
|1     |BUFG     |     1|
|2     |LUT2     |   131|
|3     |RAMB18E1 |     8|
|4     |FDRE     |   260|
|5     |IBUF     |   259|
|6     |OBUF     |   129|
+------+---------+------+
---------------------------------------------------------------------------------
Finished Writing Synthesis Report : Time (s): cpu = 00:00:18 ; elapsed = 00:00:18 . Memory (MB): peak = 1861.184 ; gain = 1111.902
---------------------------------------------------------------------------------
Synthesis finished with 0 errors, 0 critical warnings and 0 warnings.
Synthesis Optimization Runtime : Time (s): cpu = 00:00:12 ; elapsed = 00:00:17 . Memory (MB): peak = 1861.184 ; gain = 1036.809
Synthesis Optimization Complete : Time (s): cpu = 00:00:18 ; elapsed = 00:00:19 . Memory (MB): peak = 1861.184 ; gain = 1111.902
INFO: [Project 1-571] Translating synthesized netlist
Netlist sorting complete. Time (s): cpu = 00:00:00 ; elapsed = 00:00:00.008 . Memory (MB): peak = 1870.332 ; gain = 0.000
INFO: [Netlist 29-17] Analyzing 8 Unisim elements for replacement
INFO: [Netlist 29-28] Unisim Transformation completed in 0 CPU seconds
INFO: [Project 1-570] Preparing netlist for logic optimization
INFO: [Opt 31-138] Pushed 0 inverter(s) to 0 load pin(s).
Netlist sorting complete. Time (s): cpu = 00:00:00 ; elapsed = 00:00:00 . Memory (MB): peak = 1873.973 ; gain = 0.000
INFO: [Project 1-111] Unisim Transformation Summary:
No Unisim elements were transformed.

Synth Design complete | Checksum: 60eb0e2f
INFO: [Common 17-83] Releasing license: Synthesis
34 Infos, 0 Warnings, 0 Critical Warnings and 0 Errors encountered.
synth_design completed successfully
synth_design: Time (s): cpu = 00:00:21 ; elapsed = 00:00:23 . Memory (MB): peak = 1873.973 ; gain = 1325.949
Write ShapeDB Complete: Time (s): cpu = 00:00:00 ; elapsed = 00:00:00.003 . Memory (MB): peak = 1873.973 ; gain = 0.000
INFO: [Common 17-1381] The checkpoint 'C:/Users/osmya/Desktop/RTLSecure/RTLSecure.runs/synth_1/AES.dcp' has been generated.
INFO: [Vivado 12-24828] Executing command : report_utilization -file AES_utilization_synth.rpt -pb AES_utilization_synth.pb
INFO: [Common 17-206] Exiting Vivado at Thu May 28 21:26:57 2026...
